Component: ARM Compiler 5.06 update 1 (build 61) Tool: armlink [4d35a8]

==============================================================================

Section Cross References

    startup_stm32l073xx.o(RESET) refers to startup_stm32l073xx.o(STACK) for __initial_sp
    startup_stm32l073xx.o(RESET) refers to startup_stm32l073xx.o(.text) for Reset_Handler
    startup_stm32l073xx.o(RESET) refers to stm32l0xx_it.o(i.NMI_Handler) for NMI_Handler
    startup_stm32l073xx.o(RESET) refers to stm32l0xx_it.o(i.HardFault_Handler) for HardFault_Handler
    startup_stm32l073xx.o(RESET) refers to stm32l0xx_it.o(i.SVC_Handler) for SVC_Handler
    startup_stm32l073xx.o(RESET) refers to stm32l0xx_it.o(i.PendSV_Handler) for PendSV_Handler
    startup_stm32l073xx.o(RESET) refers to clock.o(i.SysTick_Handler) for SysTick_Handler
    startup_stm32l073xx.o(RESET) refers to stm32l0xx_it.o(i.RTC_IRQHandler) for RTC_IRQHandler
    startup_stm32l073xx.o(RESET) refers to gpio-board.o(i.EXTI0_1_IRQHandler) for EXTI0_1_IRQHandler
    startup_stm32l073xx.o(RESET) refers to gpio-board.o(i.EXTI2_3_IRQHandler) for EXTI2_3_IRQHandler
    startup_stm32l073xx.o(RESET) refers to gpio-board.o(i.EXTI4_15_IRQHandler) for EXTI4_15_IRQHandler
    startup_stm32l073xx.o(RESET) refers to stm32l0xx_it.o(i.USART4_5_IRQHandler) for USART4_5_IRQHandler
    startup_stm32l073xx.o(RESET) refers to stm32l0xx_it.o(i.TIM2_IRQHandler) for TIM2_IRQHandler
    startup_stm32l073xx.o(RESET) refers to stm32l0xx_it.o(i.USART2_IRQHandler) for USART2_IRQHandler
    startup_stm32l073xx.o(.text) refers to system_stm32l0xx.o(i.SystemInit) for SystemInit
    startup_stm32l073xx.o(.text) refers to entry.o(.ARM.Collect$$$$00000000) for __main
    system_stm32l0xx.o(i.SystemCoreClockUpdate) refers to uidiv.o(.text) for __aeabi_uidivmod
    system_stm32l0xx.o(i.SystemCoreClockUpdate) refers to system_stm32l0xx.o(.data) for SystemCoreClock
    system_stm32l0xx.o(i.SystemCoreClockUpdate) refers to system_stm32l0xx.o(.constdata) for PLLMulTable
    stm32l0xx_hal.o(i.HAL_DeInit) refers to stm32l0xx_hal_msp_template.o(i.HAL_MspDeInit) for HAL_MspDeInit
    stm32l0xx_hal.o(i.HAL_Delay) refers to stm32l0xx_hal.o(i.HAL_GetTick) for HAL_GetTick
    stm32l0xx_hal.o(i.HAL_GetTick) refers to stm32l0xx_hal.o(.data) for uwTick
    stm32l0xx_hal.o(i.HAL_IncTick) refers to stm32l0xx_hal.o(.data) for uwTick
    stm32l0xx_hal.o(i.HAL_Init) refers to stm32l0xx_hal.o(i.HAL_InitTick) for HAL_InitTick
    stm32l0xx_hal.o(i.HAL_Init) refers to stm32l0xx_hal_msp_template.o(i.HAL_MspInit) for HAL_MspInit
    stm32l0xx_hal.o(i.HAL_InitTick) refers to uidiv.o(.text) for __aeabi_uidivmod
    stm32l0xx_hal.o(i.HAL_InitTick) refers to stm32l0xx_hal_cortex.o(i.HAL_SYSTICK_Config) for HAL_SYSTICK_Config
    stm32l0xx_hal.o(i.HAL_InitTick) refers to stm32l0xx_hal_cortex.o(i.HAL_NVIC_SetPriority) for HAL_NVIC_SetPriority
    stm32l0xx_hal.o(i.HAL_InitTick) refers to system_stm32l0xx.o(.data) for SystemCoreClock
    stm32l0xx_hal_adc.o(i.ADC_ConversionStop) refers to stm32l0xx_hal.o(i.HAL_GetTick) for HAL_GetTick
    stm32l0xx_hal_adc.o(i.ADC_DMAConvCplt) refers to stm32l0xx_hal_adc.o(i.HAL_ADC_ConvCpltCallback) for HAL_ADC_ConvCpltCallback
    stm32l0xx_hal_adc.o(i.ADC_DMAError) refers to stm32l0xx_hal_adc.o(i.HAL_ADC_ErrorCallback) for HAL_ADC_ErrorCallback
    stm32l0xx_hal_adc.o(i.ADC_DMAHalfConvCplt) refers to stm32l0xx_hal_adc.o(i.HAL_ADC_ConvHalfCpltCallback) for HAL_ADC_ConvHalfCpltCallback
    stm32l0xx_hal_adc.o(i.ADC_DelayMicroSecond) refers to uidiv.o(.text) for __aeabi_uidivmod
    stm32l0xx_hal_adc.o(i.ADC_DelayMicroSecond) refers to system_stm32l0xx.o(.data) for SystemCoreClock
    stm32l0xx_hal_adc.o(i.ADC_Disable) refers to stm32l0xx_hal.o(i.HAL_GetTick) for HAL_GetTick
    stm32l0xx_hal_adc.o(i.ADC_Enable) refers to stm32l0xx_hal_adc.o(i.ADC_DelayMicroSecond) for ADC_DelayMicroSecond
    stm32l0xx_hal_adc.o(i.ADC_Enable) refers to stm32l0xx_hal.o(i.HAL_GetTick) for HAL_GetTick
    stm32l0xx_hal_adc.o(i.HAL_ADC_ConfigChannel) refers to stm32l0xx_hal_adc.o(i.ADC_DelayMicroSecond) for ADC_DelayMicroSecond
    stm32l0xx_hal_adc.o(i.HAL_ADC_DeInit) refers to stm32l0xx_hal_adc.o(i.ADC_ConversionStop) for ADC_ConversionStop
    stm32l0xx_hal_adc.o(i.HAL_ADC_DeInit) refers to stm32l0xx_hal_adc.o(i.ADC_Disable) for ADC_Disable
    stm32l0xx_hal_adc.o(i.HAL_ADC_DeInit) refers to adc.o(i.HAL_ADC_MspDeInit) for HAL_ADC_MspDeInit
    stm32l0xx_hal_adc.o(i.HAL_ADC_IRQHandler) refers to stm32l0xx_hal_adc.o(i.HAL_ADC_ConvCpltCallback) for HAL_ADC_ConvCpltCallback
    stm32l0xx_hal_adc.o(i.HAL_ADC_IRQHandler) refers to stm32l0xx_hal_adc.o(i.HAL_ADC_LevelOutOfWindowCallback) for HAL_ADC_LevelOutOfWindowCallback
    stm32l0xx_hal_adc.o(i.HAL_ADC_IRQHandler) refers to stm32l0xx_hal_adc.o(i.HAL_ADC_ErrorCallback) for HAL_ADC_ErrorCallback
    stm32l0xx_hal_adc.o(i.HAL_ADC_Init) refers to adc.o(i.HAL_ADC_MspInit) for HAL_ADC_MspInit
[...]
    Bq24195EnableCharge                      0x08001bad   Thumb Code    18  user_bq24195.o(i.Bq24195EnableCharge)
    Bq24195ReadByte                          0x08001bc5   Thumb Code    56  user_bq24195.o(i.Bq24195ReadByte)
    Bq24195WriteByte                         0x08001c1d   Thumb Code    56  user_bq24195.o(i.Bq24195WriteByte)
    CheckBattery                             0x08001c75   Thumb Code   300  power.o(i.CheckBattery)
    DelayMs                                  0x08001dc9   Thumb Code    12  delay.o(i.DelayMs)
    EXTI0_1_IRQHandler                       0x08001e13   Thumb Code    10  gpio-board.o(i.EXTI0_1_IRQHandler)
    EXTI2_3_IRQHandler                       0x08001e1d   Thumb Code    10  gpio-board.o(i.EXTI2_3_IRQHandler)
    EXTI4_15_IRQHandler                      0x08001e27   Thumb Code    92  gpio-board.o(i.EXTI4_15_IRQHandler)
    Error_Handler                            0x08001e85   Thumb Code    10  main.o(i.Error_Handler)
    GpioWrite                                0x08001ecd   Thumb Code    20  gpio.o(i.GpioWrite)
    HAL_ADCEx_Calibration_Start              0x08001ee1   Thumb Code   216  stm32l0xx_hal_adc_ex.o(i.HAL_ADCEx_Calibration_Start)
    HAL_ADC_ConfigChannel                    0x08001fb9   Thumb Code   306  stm32l0xx_hal_adc.o(i.HAL_ADC_ConfigChannel)
    HAL_ADC_DeInit                           0x08002101   Thumb Code   194  stm32l0xx_hal_adc.o(i.HAL_ADC_DeInit)
    HAL_ADC_GetState                         0x080021d5   Thumb Code     6  stm32l0xx_hal_adc.o(i.HAL_ADC_GetState)
    HAL_ADC_GetValue                         0x080021db   Thumb Code     8  stm32l0xx_hal_adc.o(i.HAL_ADC_GetValue)
    HAL_ADC_Init                             0x080021e5   Thumb Code   554  stm32l0xx_hal_adc.o(i.HAL_ADC_Init)
    HAL_ADC_MspDeInit                        0x08002419   Thumb Code    36  adc.o(i.HAL_ADC_MspDeInit)
    HAL_ADC_MspInit                          0x08002445   Thumb Code    52  adc.o(i.HAL_ADC_MspInit)
    HAL_ADC_PollForConversion                0x08002481   Thumb Code   232  stm32l0xx_hal_adc.o(i.HAL_ADC_PollForConversion)
    HAL_ADC_Start                            0x08002569   Thumb Code   114  stm32l0xx_hal_adc.o(i.HAL_ADC_Start)
    HAL_ADC_Stop                             0x080025e1   Thumb Code    80  stm32l0xx_hal_adc.o(i.HAL_ADC_Stop)
    HAL_DMA_Abort_IT                         0x08002631   Thumb Code   174  stm32l0xx_hal_dma.o(i.HAL_DMA_Abort_IT)
    HAL_GPIO_DeInit                          0x080026e5   Thumb Code   266  stm32l0xx_hal_gpio.o(i.HAL_GPIO_DeInit)
    HAL_GPIO_EXTI_Callback                   0x0800280d   Thumb Code    56  gpio-board.o(i.HAL_GPIO_EXTI_Callback)
    HAL_GPIO_EXTI_IRQHandler                 0x08002881   Thumb Code    26  stm32l0xx_hal_gpio.o(i.HAL_GPIO_EXTI_IRQHandler)
    HAL_GPIO_Init                            0x080028a1   Thumb Code   472  stm32l0xx_hal_gpio.o(i.HAL_GPIO_Init)
    HAL_GPIO_WritePin                        0x08002a99   Thumb Code    12  stm32l0xx_hal_gpio.o(i.HAL_GPIO_WritePin)
    HAL_GetTick                              0x08002aa5   Thumb Code     6  stm32l0xx_hal.o(i.HAL_GetTick)
    HAL_I2CEx_ConfigAnalogFilter             0x08002ab1   Thumb Code   110  stm32l0xx_hal_i2c_ex.o(i.HAL_I2CEx_ConfigAnalogFilter)
    HAL_I2CEx_ConfigDigitalFilter            0x08002b1f   Thumb Code   114  stm32l0xx_hal_i2c_ex.o(i.HAL_I2CEx_ConfigDigitalFilter)
    HAL_I2C_DeInit                           0x08002b91   Thumb Code    66  stm32l0xx_hal_i2c.o(i.HAL_I2C_DeInit)
    HAL_I2C_Init                             0x08002bd5   Thumb Code   208  stm32l0xx_hal_i2c.o(i.HAL_I2C_Init)
    HAL_I2C_Mem_Read                         0x08002ca9   Thumb Code   446  stm32l0xx_hal_i2c.o(i.HAL_I2C_Mem_Read)
    HAL_I2C_Mem_Write                        0x08002e6d   Thumb Code   446  stm32l0xx_hal_i2c.o(i.HAL_I2C_Mem_Write)
    HAL_I2C_MspDeInit                        0x08003031   Thumb Code    38  i2c.o(i.HAL_I2C_MspDeInit)
    HAL_I2C_MspInit                          0x08003065   Thumb Code    62  i2c.o(i.HAL_I2C_MspInit)
    HAL_IncTick                              0x080030b1   Thumb Code    12  stm32l0xx_hal.o(i.HAL_IncTick)
    HAL_Init                                 0x080030c1   Thumb Code    28  stm32l0xx_hal.o(i.HAL_Init)
    HAL_InitTick                             0x080030e1   Thumb Code    36  stm32l0xx_hal.o(i.HAL_InitTick)
    HAL_MspInit                              0x08003109   Thumb Code    58  stm32l0xx_hal_msp_template.o(i.HAL_MspInit)
    HAL_NVIC_DisableIRQ                      0x08003149   Thumb Code    18  stm32l0xx_hal_cortex.o(i.HAL_NVIC_DisableIRQ)
    HAL_NVIC_EnableIRQ                       0x08003161   Thumb Code    18  stm32l0xx_hal_cortex.o(i.HAL_NVIC_EnableIRQ)
    HAL_NVIC_SetPriority                     0x08003179   Thumb Code    18  stm32l0xx_hal_cortex.o(i.HAL_NVIC_SetPriority)
    HAL_PWREx_EnableFastWakeUp               0x0800318d   Thumb Code    16  stm32l0xx_hal_pwr_ex.o(i.HAL_PWREx_EnableFastWakeUp)
    HAL_PWREx_EnableUltraLowPower            0x080031a1   Thumb Code    16  stm32l0xx_hal_pwr_ex.o(i.HAL_PWREx_EnableUltraLowPower)
    HAL_PWR_DisablePVD                       0x080031b5   Thumb Code    14  stm32l0xx_hal_pwr.o(i.HAL_PWR_DisablePVD)
    HAL_PWR_EnterSLEEPMode                   0x080031c9   Thumb Code    52  stm32l0xx_hal_pwr.o(i.HAL_PWR_EnterSLEEPMode)
    HAL_PWR_EnterSTOPMode                    0x08003205   Thumb Code    64  stm32l0xx_hal_pwr.o(i.HAL_PWR_EnterSTOPMode)
    HAL_RCCEx_GetPeriphCLKFreq               0x0800324d   Thumb Code   866  stm32l0xx_hal_rcc_ex.o(i.HAL_RCCEx_GetPeriphCLKFreq)
    HAL_RCCEx_PeriphCLKConfig                0x080035d9   Thumb Code   672  stm32l0xx_hal_rcc_ex.o(i.HAL_RCCEx_PeriphCLKConfig)
    HAL_RCC_ClockConfig                      0x08003885   Thumb Code   482  stm32l0xx_hal_rcc.o(i.HAL_RCC_ClockConfig)
    HAL_RCC_GetHCLKFreq                      0x08003a7d   Thumb Code     6  stm32l0xx_hal_rcc.o(i.HAL_RCC_GetHCLKFreq)
    HAL_RCC_GetPCLK1Freq                     0x08003a89   Thumb Code    26  stm32l0xx_hal_rcc.o(i.HAL_RCC_GetPCLK1Freq)
    HAL_RCC_GetPCLK2Freq                     0x08003aad   Thumb Code    26  stm32l0xx_hal_rcc.o(i.HAL_RCC_GetPCLK2Freq)
    HAL_RCC_GetSysClockFreq                  0x08003ad1   Thumb Code   206  stm32l0xx_hal_rcc.o(i.HAL_RCC_GetSysClockFreq)
    HAL_RCC_OscConfig                        0x08003bb5   Thumb Code  1732  stm32l0xx_hal_rcc.o(i.HAL_RCC_OscConfig)
    HAL_RTCEx_AlarmBEventCallback            0x08004289   Thumb Code     2  stm32l0xx_hal_rtc_ex.o(i.HAL_RTCEx_AlarmBEventCallback)
    HAL_RTCEx_DeactivateWakeUpTimer          0x0800428b   Thumb Code   174  stm32l0xx_hal_rtc_ex.o(i.HAL_RTCEx_DeactivateWakeUpTimer)
    HAL_RTC_AlarmAEventCallback              0x08004339   Thumb Code    72  stm32l0xx_it.o(i.HAL_RTC_AlarmAEventCallback)
    HAL_RTC_AlarmIRQHandler                  0x080043a1   Thumb Code   124  stm32l0xx_hal_rtc.o(i.HAL_RTC_AlarmIRQHandler)
    HAL_RTC_DeactivateAlarm                  0x08004429   Thumb Code   274  stm32l0xx_hal_rtc.o(i.HAL_RTC_DeactivateAlarm)
    HAL_RTC_GetDate                          0x0800453d   Thumb Code    88  stm32l0xx_hal_rtc.o(i.HAL_RTC_GetDate)
    HAL_RTC_GetTime                          0x08004599   Thumb Code   104  stm32l0xx_hal_rtc.o(i.HAL_RTC_GetTime)
    HAL_RTC_Init                             0x08004605   Thumb Code   202  stm32l0xx_hal_rtc.o(i.HAL_RTC_Init)
    HAL_RTC_MspInit                          0x080046e1   Thumb Code    24  rtc-board.o(i.HAL_RTC_MspInit)
    HAL_RTC_SetAlarm_IT                      0x08004701   Thumb Code   590  stm32l0xx_hal_rtc.o(i.HAL_RTC_SetAlarm_IT)
    HAL_RTC_SetDate                          0x0800495d   Thumb Code   298  stm32l0xx_hal_rtc.o(i.HAL_RTC_SetDate)
    HAL_RTC_SetTime                          0x08004a8d   Thumb Code   336  stm32l0xx_hal_rtc.o(i.HAL_RTC_SetTime)
    HAL_RTC_WaitForSynchro                   0x08004be1   Thumb Code    60  stm32l0xx_hal_rtc.o(i.HAL_RTC_WaitForSynchro)
    HAL_ResumeTick                           0x08004c1d   Thumb Code    14  stm32l0xx_hal.o(i.HAL_ResumeTick)
    HAL_SPI_DeInit                           0x08004c31   Thumb Code    58  stm32l0xx_hal_spi.o(i.HAL_SPI_DeInit)
    HAL_SPI_Init                             0x08004c6b   Thumb Code   142  stm32l0xx_hal_spi.o(i.HAL_SPI_Init)
    HAL_SPI_MspDeInit                        0x08004cf9   Thumb Code    56  spi.o(i.HAL_SPI_MspDeInit)
    HAL_SPI_MspInit                          0x08004d39   Thumb Code    88  spi.o(i.HAL_SPI_MspInit)
    HAL_SPI_Receive                          0x08004d99   Thumb Code   608  stm32l0xx_hal_spi.o(i.HAL_SPI_Receive)
    HAL_SPI_Transmit                         0x08004ff9   Thumb Code   474  stm32l0xx_hal_spi.o(i.HAL_SPI_Transmit)
    HAL_SPI_TransmitReceive                  0x080051d3   Thumb Code   894  stm32l0xx_hal_spi.o(i.HAL_SPI_TransmitReceive)
    HAL_SYSTICK_CLKSourceConfig              0x08005551   Thumb Code    32  stm32l0xx_hal_cortex.o(i.HAL_SYSTICK_CLKSourceConfig)
    HAL_SYSTICK_Callback                     0x08005575   Thumb Code     2  stm32l0xx_hal_cortex.o(i.HAL_SYSTICK_Callback)
    HAL_SYSTICK_Config                       0x08005579   Thumb Code    46  stm32l0xx_hal_cortex.o(i.HAL_SYSTICK_Config)
    HAL_SYSTICK_IRQHandler                   0x080055b1   Thumb Code     8  stm32l0xx_hal_cortex.o(i.HAL_SYSTICK_IRQHandler)
    HAL_SuspendTick                          0x080055b9   Thumb Code    14  stm32l0xx_hal.o(i.HAL_SuspendTick)
    HAL_TIMEx_MasterConfigSynchronization    0x080055cd   Thumb Code    98  stm32l0xx_hal_tim_ex.o(i.HAL_TIMEx_MasterConfigSynchronization)
    HAL_TIM_Base_Init                        0x0800562f   Thumb Code    56  stm32l0xx_hal_tim.o(i.HAL_TIM_Base_Init)
    HAL_TIM_Base_MspDeInit                   0x08005669   Thumb Code    34  timer-board.o(i.HAL_TIM_Base_MspDeInit)
    HAL_TIM_Base_MspInit                     0x08005691   Thumb Code    24  timer-board.o(i.HAL_TIM_Base_MspInit)
    HAL_TIM_Base_Start_IT                    0x080056ad   Thumb Code    30  stm32l0xx_hal_tim.o(i.HAL_TIM_Base_Start_IT)
    HAL_TIM_ConfigClockSource                0x080056cb   Thumb Code   318  stm32l0xx_hal_tim.o(i.HAL_TIM_ConfigClockSource)
    HAL_TIM_IC_CaptureCallback               0x08005809   Thumb Code     2  stm32l0xx_hal_tim.o(i.HAL_TIM_IC_CaptureCallback)
    HAL_TIM_IRQHandler                       0x0800580b   Thumb Code   380  stm32l0xx_hal_tim.o(i.HAL_TIM_IRQHandler)
    HAL_TIM_OC_DelayElapsedCallback          0x08005987   Thumb Code     2  stm32l0xx_hal_tim.o(i.HAL_TIM_OC_DelayElapsedCallback)
    HAL_TIM_PWM_PulseFinishedCallback        0x08005989   Thumb Code     2  stm32l0xx_hal_tim.o(i.HAL_TIM_PWM_PulseFinishedCallback)
    HAL_TIM_PeriodElapsedCallback            0x0800598b   Thumb Code     2  stm32l0xx_hal_tim.o(i.HAL_TIM_PeriodElapsedCallback)
    HAL_TIM_TriggerCallback                  0x0800598d   Thumb Code     2  stm32l0xx_hal_tim.o(i.HAL_TIM_TriggerCallback)
    HAL_UARTEx_WakeupCallback                0x0800598f   Thumb Code     2  stm32l0xx_hal_uart_ex.o(i.HAL_UARTEx_WakeupCallback)
    HAL_UART_DeInit                          0x08005991   Thumb Code    76  stm32l0xx_hal_uart.o(i.HAL_UART_DeInit)
    HAL_UART_ErrorCallback                   0x080059dd   Thumb Code     2  stm32l0xx_hal_uart.o(i.HAL_UART_ErrorCallback)
    HAL_UART_GetState                        0x080059df   Thumb Code    20  stm32l0xx_hal_uart.o(i.HAL_UART_GetState)
    HAL_UART_IRQHandler                      0x080059f5   Thumb Code   444  stm32l0xx_hal_uart.o(i.HAL_UART_IRQHandler)
    HAL_UART_Init                            0x08005bb5   Thumb Code   130  stm32l0xx_hal_uart.o(i.HAL_UART_Init)
    HAL_UART_MspDeInit                       0x08005c39   Thumb Code   124  usart.o(i.HAL_UART_MspDeInit)
    HAL_UART_MspInit                         0x08005cc9   Thumb Code   170  usart.o(i.HAL_UART_MspInit)
    HAL_UART_Receive_IT                      0x08005d89   Thumb Code   230  stm32l0xx_hal_uart.o(i.HAL_UART_Receive_IT)
    HAL_UART_RxCpltCallback                  0x08005e75   Thumb Code   376  usart.o(i.HAL_UART_RxCpltCallback)
    HAL_UART_Transmit                        0x08006051   Thumb Code   240  stm32l0xx_hal_uart.o(i.HAL_UART_Transmit)
    HAL_UART_TxCpltCallback                  0x08006141   Thumb Code     2  stm32l0xx_hal_uart.o(i.HAL_UART_TxCpltCallback)
    HardFault_Handler                        0x08006145   Thumb Code    12  stm32l0xx_it.o(i.HardFault_Handler)
    InitBq24195                              0x08006485   Thumb Code   106  bq24195.o(i.InitBq24195)
    InitPower                                0x080064fd   Thumb Code   108  bq24195.o(i.InitPower)
    IntoLowPower                             0x0800659d   Thumb Code    58  user-app.o(i.IntoLowPower)
    LoRaMacChannelAdd                        0x080065e9   Thumb Code   254  loramac.o(i.LoRaMacChannelAdd)
    LoRaMacChannelRemove                     0x080066fd   Thumb Code    80  loramac.o(i.LoRaMacChannelRemove)
    LoRaMacComputeMic                        0x08006759   Thumb Code   134  loramaccrypto.o(i.LoRaMacComputeMic)
    LoRaMacInit                              0x080067ed   Thumb Code    42  loramac-api-v3.o(i.LoRaMacInit)
    LoRaMacInitNwkIds                        0x08006831   Thumb Code    72  loramac-api-v3.o(i.LoRaMacInitNwkIds)
    LoRaMacInitialization                    0x08006879   Thumb Code   326  loramac.o(i.LoRaMacInitialization)
    LoRaMacJoinComputeMic                    0x08006aa1   Thumb Code    74  loramaccrypto.o(i.LoRaMacJoinComputeMic)
    LoRaMacJoinComputeSKeys                  0x08006af5   Thumb Code   136  loramaccrypto.o(i.LoRaMacJoinComputeSKeys)
    LoRaMacJoinDecrypt                       0x08006b81   Thumb Code    60  loramaccrypto.o(i.LoRaMacJoinDecrypt)
    LoRaMacMibSetRequestConfirm              0x08006bc1   Thumb Code   364  loramac.o(i.LoRaMacMibSetRequestConfirm)
    LoRaMacPayloadDecrypt                    0x08006d81   Thumb Code    36  loramaccrypto.o(i.LoRaMacPayloadDecrypt)
    LoRaMacPayloadEncrypt                    0x08006da5   Thumb Code   210  loramaccrypto.o(i.LoRaMacPayloadEncrypt)
    LoRaMacSetAdrOn                          0x08006e85   Thumb Code    18  loramac-api-v3.o(i.LoRaMacSetAdrOn)
    LoRaMacSetDeviceClass                    0x08006e97   Thumb Code    18  loramac-api-v3.o(i.LoRaMacSetDeviceClass)
    LoRaMacTestSetDutyCycleOn                0x08006ea9   Thumb Code     6  loramac.o(i.LoRaMacTestSetDutyCycleOn)
    LoRaPower_Init                           0x08006eb5   Thumb Code   140  gpio.o(i.LoRaPower_Init)
    MX_ADC_Init                              0x08006f49   Thumb Code    88  adc.o(i.MX_ADC_Init)
    MX_I2C2_Init                             0x08006fa9   Thumb Code    80  i2c.o(i.MX_I2C2_Init)
    MX_USART1_UART_Init                      0x08007005   Thumb Code    58  usart.o(i.MX_USART1_UART_Init)
    MX_USART2_UART_Init                      0x08007049   Thumb Code    84  usart.o(i.MX_USART2_UART_Init)
    NMI_Handler                              0x08007245   Thumb Code     2  stm32l0xx_it.o(i.NMI_Handler)
    OnCsmaTimerEvent                         0x0800733d   Thumb Code    16  lora-cad.o(i.OnCsmaTimerEvent)
    OnMacEvent                               0x08007355   Thumb Code   376  user-app.o(i.OnMacEvent)
    OnRadioCadDone                           0x08007a2d   Thumb Code    34  loramac.o(i.OnRadioCadDone)
    OnRxWindow1TimerEvent                    0x08008769   Thumb Code   154  loramac.o(i.OnRxWindow1TimerEvent)
    OnRxWindow2TimerEvent                    0x08008859   Thumb Code   230  loramac.o(i.OnRxWindow2TimerEvent)
    OnTxDelayedTimerEvent                    0x080089ed   Thumb Code   110  loramac.o(i.OnTxDelayedTimerEvent)
    PendSV_Handler                           0x08008a7d   Thumb Code     2  stm32l0xx_it.o(i.PendSV_Handler)
    PrepareFrame                             0x08008a81   Thumb Code   952  loramac.o(i.PrepareFrame)
    RFTXDONE                                 0x080094ad   Thumb Code     2  main.o(i.RFTXDONE)
    RTC_Bcd2ToByte                           0x080094af   Thumb Code    26  stm32l0xx_hal_rtc.o(i.RTC_Bcd2ToByte)
    RTC_ByteToBcd2                           0x080094c9   Thumb Code    26  stm32l0xx_hal_rtc.o(i.RTC_ByteToBcd2)
    RTC_EnterInitMode                        0x080094e3   Thumb Code    66  stm32l0xx_hal_rtc.o(i.RTC_EnterInitMode)
    RTC_IRQHandler                           0x08009525   Thumb Code    20  stm32l0xx_it.o(i.RTC_IRQHandler)
    ReadFlashData                            0x0800953d   Thumb Code   340  user-app.o(i.ReadFlashData)
    RtcInit                                  0x08009731   Thumb Code   118  rtc-board.o(i.RtcInit)
    RxLed                                    0x08009869   Thumb Code    54  user-app.o(i.RxLed)
    SPI1_Init                                0x08009a2d   Thumb Code    68  spi.o(i.SPI1_Init)
    SPI1_NSS                                 0x08009a91   Thumb Code   100  spi.o(i.SPI1_NSS)
    SPI1_Read                                0x08009af9   Thumb Code    42  spi.o(i.SPI1_Read)
    SPI1_Write                               0x08009b41   Thumb Code    34  spi.o(i.SPI1_Write)
    SVC_Handler                              0x08009c95   Thumb Code     2  stm32l0xx_it.o(i.SVC_Handler)
    SX1276AntSwDeInit                        0x08009c99   Thumb Code     8  sx1276-board.o(i.SX1276AntSwDeInit)
    SX1276AntSwInit                          0x08009ca5   Thumb Code     8  sx1276-board.o(i.SX1276AntSwInit)
    SX1276CheckRfFrequency                   0x08009cb1   Thumb Code     6  sx1276-board.o(i.SX1276CheckRfFrequency)
    SX1276EXTI_Init                          0x08009cb9   Thumb Code   104  gpio.o(i.SX1276EXTI_Init)
    SX1276GPIO_Init                          0x08009d31   Thumb Code    68  gpio.o(i.SX1276GPIO_Init)
    SX1276GetPaSelect                        0x08009d7d   Thumb Code    16  sx1276-board.o(i.SX1276GetPaSelect)
    SX1276GetStatus                          0x08009d91   Thumb Code     6  sx1276.o(i.SX1276GetStatus)
    SX1276GetTimeOnAir                       0x08009d9d   Thumb Code   632  sx1276.o(i.SX1276GetTimeOnAir)
    SX1276Init                               0x0800a03d   Thumb Code   106  sx1276.o(i.SX1276Init)
    SX1276IoInit                             0x0800a0c5   Thumb Code    12  sx1276-board.o(i.SX1276IoInit)
    SX1276IsChannelFree                      0x0800a0d1   Thumb Code    58  sx1276.o(i.SX1276IsChannelFree)
    SX1276OnDio0Irq                          0x0800a10d   Thumb Code   970  sx1276.o(i.SX1276OnDio0Irq)
    SX1276OnDio1Irq                          0x0800a549   Thumb Code   368  sx1276.o(i.SX1276OnDio1Irq)
    SX1276OnDio2Irq                          0x0800a6d5   Thumb Code   316  sx1276.o(i.SX1276OnDio2Irq)
    SX1276OnTimeoutIrq                       0x0800a821   Thumb Code   182  sx1276.o(i.SX1276OnTimeoutIrq)
    SX1276Random                             0x0800a915   Thumb Code    64  sx1276.o(i.SX1276Random)
    SX1276Read                               0x0800a955   Thumb Code    20  sx1276.o(i.SX1276Read)
    SX1276ReadBuffer                         0x0800a969   Thumb Code    60  sx1276.o(i.SX1276ReadBuffer)
    SX1276ReadFifo                           0x0800a9a5   Thumb Code    18  sx1276.o(i.SX1276ReadFifo)
    SX1276ReadRssi                           0x0800a9b9   Thumb Code    90  sx1276.o(i.SX1276ReadRssi)
    SX1276Reset                              0x0800aa29   Thumb Code    36  sx1276.o(i.SX1276Reset)
    SX1276Send                               0x0800aa51   Thumb Code   314  sx1276.o(i.SX1276Send)
    SX1276SetAntSw                           0x0800ab9d   Thumb Code    18  sx1276-board.o(i.SX1276SetAntSw)
    SX1276SetAntSwLowPower                   0x0800abb5   Thumb Code    32  sx1276-board.o(i.SX1276SetAntSwLowPower)
    SX1276SetChannel                         0x0800abd9   Thumb Code    64  sx1276.o(i.SX1276SetChannel)
    SX1276SetMaxPayloadLength                0x0800ac21   Thumb Code    54  sx1276.o(i.SX1276SetMaxPayloadLength)
    SX1276SetModem                           0x0800ac5d   Thumb Code   124  sx1276.o(i.SX1276SetModem)
    SX1276SetOpMode                          0x0800acdd   Thumb Code    76  sx1276.o(i.SX1276SetOpMode)
    SX1276SetRx                              0x0800ad2d   Thumb Code   870  sx1276.o(i.SX1276SetRx)
    SX1276SetRxConfig                        0x0800b121   Thumb Code   660  sx1276.o(i.SX1276SetRxConfig)
    SX1276SetSleep                           0x0800b3bd   Thumb Code    28  sx1276.o(i.SX1276SetSleep)
    SX1276SetStby                            0x0800b3e5   Thumb Code    28  sx1276.o(i.SX1276SetStby)
    SX1276SetTx                              0x0800b40d   Thumb Code   194  sx1276.o(i.SX1276SetTx)
    SX1276SetTxConfig                        0x0800b4d9   Thumb Code   790  sx1276.o(i.SX1276SetTxConfig)
    SX1276StartCad                           0x0800b7fd   Thumb Code    68  sx1276.o(i.SX1276StartCad)
    SX1276Write                              0x0800b845   Thumb Code    16  sx1276.o(i.SX1276Write)
    SX1276WriteBuffer                        0x0800b855   Thumb Code    62  sx1276.o(i.SX1276WriteBuffer)
    SX1276WriteFifo                          0x0800b893   Thumb Code    18  sx1276.o(i.SX1276WriteFifo)
    ScheduleTx                               0x0800b8a5   Thumb Code   166  loramac.o(i.ScheduleTx)
    SendDoneLed                              0x0800b989   Thumb Code    54  user-app.o(i.SendDoneLed)
    SendFrameOnChannel                       0x0800b9c1   Thumb Code   410  loramac.o(i.SendFrameOnChannel)
    SetBatteryRechargeThreshold              0x0800bbf5   Thumb Code    46  user_bq24195.o(i.SetBatteryRechargeThreshold)
    SetChargeType                            0x0800bc23   Thumb Code    46  user_bq24195.o(i.SetChargeType)
    SetEnableChargeTimer                     0x0800bc51   Thumb Code    64  user_bq24195.o(i.SetEnableChargeTimer)
    SetHighImpedanceMode                     0x0800bc91   Thumb Code    64  user_bq24195.o(i.SetHighImpedanceMode)
    SetInputCurrentLimit                     0x0800bcd1   Thumb Code    46  user_bq24195.o(i.SetInputCurrentLimit)
    SetInputVoltageLimit                     0x0800bcff   Thumb Code    46  user_bq24195.o(i.SetInputVoltageLimit)
    SetMiniSysVoltage                        0x0800bd2d   Thumb Code    46  user_bq24195.o(i.SetMiniSysVoltage)
    SetRtcAlarm                              0x0800bfa1   Thumb Code   234  rtc-board.o(i.SetRtcAlarm)
    SetWdgTimer                              0x0800c0f1   Thumb Code    46  user_bq24195.o(i.SetWdgTimer)
    StmFlashRead                             0x0800c11f   Thumb Code    26  stmflash.o(i.StmFlashRead)
    StringConversion                         0x0800c139   Thumb Code    54  user-app.o(i.StringConversion)
    SysTick_Handler                          0x0800c175   Thumb Code    96  clock.o(i.SysTick_Handler)
    SystemClockConfig                        0x0800c1ed   Thumb Code   154  board.o(i.SystemClockConfig)
    SystemClockReConfig                      0x0800c291   Thumb Code   136  board.o(i.SystemClockReConfig)
    SystemInit                               0x0800c321   Thumb Code    88  system_stm32l0xx.o(i.SystemInit)
    TIM2_IRQHandler                          0x0800c389   Thumb Code    38  stm32l0xx_it.o(i.TIM2_IRQHandler)
    TimerGetCurrentTime                      0x0800c505   Thumb Code     8  timerserver.o(i.TimerGetCurrentTime)
    TimerGetValue                            0x0800c50d   Thumb Code     8  timerserver.o(i.TimerGetValue)
    TimerHwGetElapsedTime                    0x0800c515   Thumb Code    40  timer-board.o(i.TimerHwGetElapsedTime)
    TimerHwGetMinimumTimeout                 0x0800c541   Thumb Code    18  timer-board.o(i.TimerHwGetMinimumTimeout)
    TimerHwGetTime                           0x0800c559   Thumb Code    24  timer-board.o(i.TimerHwGetTime)
    TimerHwGetTimerValue                     0x0800c571   Thumb Code    18  timer-board.o(i.TimerHwGetTimerValue)
    TimerHwInit                              0x0800c589   Thumb Code    96  timer-board.o(i.TimerHwInit)
    TimerHwStart                             0x0800c5f1   Thumb Code    58  timer-board.o(i.TimerHwStart)
    TimerIncrementTickCounter                0x0800c635   Thumb Code    24  timer-board.o(i.TimerIncrementTickCounter)
    TimerInit                                0x0800c651   Thumb Code    14  timerserver.o(i.TimerInit)
    TimerIrqHandler                          0x0800c705   Thumb Code   160  timerserver.o(i.TimerIrqHandler)
    TimerSetValue                            0x0800c7c1   Thumb Code    32  timerserver.o(i.TimerSetValue)
    TimerStart                               0x0800c7e1   Thumb Code   132  timerserver.o(i.TimerStart)
    TimerStop                                0x0800c869   Thumb Code   232  timerserver.o(i.TimerStop)
    UART_AdvFeatureConfig                    0x0800c955   Thumb Code   240  stm32l0xx_hal_uart.o(i.UART_AdvFeatureConfig)
    UART_CheckIdleState                      0x0800ca45   Thumb Code   112  stm32l0xx_hal_uart.o(i.UART_CheckIdleState)
    UART_SetConfig                           0x0800cba5   Thumb Code   954  stm32l0xx_hal_uart.o(i.UART_SetConfig)
    UART_WaitOnFlagUntilTimeout              0x0800d007   Thumb Code   112  stm32l0xx_hal_uart.o(i.UART_WaitOnFlagUntilTimeout)
    USART2_IRQHandler                        0x0800d079   Thumb Code    80  stm32l0xx_it.o(i.USART2_IRQHandler)
    USART4_5_IRQHandler                      0x0800d0d1   Thumb Code    92  stm32l0xx_it.o(i.USART4_5_IRQHandler)
    UserAppInit                              0x0800d151   Thumb Code   136  user-app.o(i.UserAppInit)
    UserChannelAddFun                        0x0800d21d   Thumb Code   586  lora-cad.o(i.UserChannelAddFun)
    UserListenAagain                         0x0800d46d   Thumb Code    78  lora-cad.o(i.UserListenAagain)
    UserSymbolTime                           0x0800d4e1   Thumb Code   162  lora-cad.o(i.UserSymbolTime)
    __0printf                                0x0800d61d   Thumb Code    24  printfa.o(i.__0printf)
    __1printf                                0x0800d61d   Thumb Code     0  printfa.o(i.__0printf)
    __2printf                                0x0800d61d   Thumb Code     0  printfa.o(i.__0printf)
    __c89printf                              0x0800d61d   Thumb Code     0  printfa.o(i.__0printf)
    printf                                   0x0800d61d   Thumb Code     0  printfa.o(i.__0printf)
    __ARM_clz                                0x0800d63d   Thumb Code    46  depilogue.o(i.__ARM_clz)
    __ARM_common_ll_muluu                    0x0800d66b   Thumb Code    48  stm32l0xx_hal_uart.o(i.__ARM_common_ll_muluu)
    __ARM_common_switch8                     0x0800d69b   Thumb Code    28  stm32l0xx_hal_tim.o(i.__ARM_common_switch8)
    __ARM_fpclassify                         0x0800d6b9   Thumb Code    40  fpclassify.o(i.__ARM_fpclassify)
    __kernel_poly                            0x0800d6e5   Thumb Code   172  poly.o(i.__kernel_poly)
    __mathlib_dbl_divzero                    0x0800d791   Thumb Code    16  dunder.o(i.__mathlib_dbl_divzero)
    __mathlib_dbl_infnan2                    0x0800d7a5   Thumb Code     8  dunder.o(i.__mathlib_dbl_infnan2)
    __mathlib_dbl_invalid                    0x0800d7ad   Thumb Code    16  dunder.o(i.__mathlib_dbl_invalid)
    __mathlib_dbl_overflow                   0x0800d7bd   Thumb Code    16  dunder.o(i.__mathlib_dbl_overflow)
    __mathlib_dbl_underflow                  0x0800d7d1   Thumb Code    14  dunder.o(i.__mathlib_dbl_underflow)
    __scatterload_copy                       0x0800d7e5   Thumb Code    14  handlers.o(i.__scatterload_copy)
    __scatterload_null                       0x0800d7f3   Thumb Code     2  handlers.o(i.__scatterload_null)
    __scatterload_zeroinit                   0x0800d7f5   Thumb Code    14  handlers.o(i.__scatterload_zeroinit)
    __set_errno                              0x0800d805   Thumb Code     6  errno.o(i.__set_errno)
    aes_encrypt                              0x0800e0b1   Thumb Code    90  aes.o(i.aes_encrypt)
    aes_set_key                              0x0800e10d   Thumb Code   280  aes.o(i.aes_set_key)
    app_mac_cb                               0x0800e229   Thumb Code    44  main.o(i.app_mac_cb)
    ceil                                     0x0800e25d   Thumb Code   180  ceil.o(i.ceil)
    clock_init                               0x0800e325   Thumb Code    40  clock.o(i.clock_init)
    clock_time                               0x0800e34d   Thumb Code     6  clock.o(i.clock_time)
    delay_init                               0x0800e3a9   Thumb Code    16  delay.o(i.delay_init)
    delay_ms                                 0x0800e3bd   Thumb Code    24  delay.o(i.delay_ms)
    delay_us                                 0x0800e3d5   Thumb Code    62  delay.o(i.delay_us)
    etimer_pending                           0x0800e41d   Thumb Code    16  etimer.o(i.etimer_pending)
    etimer_request_poll                      0x0800e431   Thumb Code    10  etimer.o(i.etimer_request_poll)
    floor                                    0x0800e441   Thumb Code   180  floor.o(i.floor)
    fputc                                    0x0800e509   Thumb Code    20  usart.o(i.fputc)
    main                                     0x0800e525   Thumb Code   112  main.o(i.main)
    malloc                                   0x0800e601   Thumb Code    92  malloc.o(i.malloc)
    memcpy1                                  0x0800e66d   Thumb Code    24  utilities.o(i.memcpy1)
    memcpyr                                  0x0800e685   Thumb Code    28  utilities.o(i.memcpyr)
    memset1                                  0x0800e6a1   Thumb Code    16  utilities.o(i.memset1)
    pow                                      0x0800e935   Thumb Code  2548  pow.o(i.pow)
    process_poll                             0x0800f331   Thumb Code    26  process.o(i.process_poll)
    process_post                             0x0800f351   Thumb Code    98  process.o(i.process_post)
    processset                               0x0800f4ad   Thumb Code     2  main.o(i.processset)
    rand1                                    0x0800f4b1   Thumb Code    30  utilities.o(i.rand1)
    randr                                    0x0800f4e1   Thumb Code    26  utilities.o(i.randr)
    round                                    0x0800f4fd   Thumb Code   142  round.o(i.round)
    sqrt                                     0x0800f609   Thumb Code    66  sqrt.o(i.sqrt)
    srand1                                   0x0800f651   Thumb Code     6  utilities.o(i.srand1)
    timer_expired                            0x0800f65d   Thumb Code    28  timer.o(i.timer_expired)
    AHBPrescTable                            0x0800f6ea   Data          16  system_stm32l0xx.o(.constdata)
    APBPrescTable                            0x0800f6fa   Data           8  system_stm32l0xx.o(.constdata)
    PLLMulTable                              0x0800f702   Data           9  system_stm32l0xx.o(.constdata)
    Radio                                    0x0800f70c   Data          84  sx1276-board.o(.constdata)
    RadioRegsInit                            0x0800f760   Data          45  sx1276.o(.constdata)
    FskBandwidths                            0x0800f790   Data         176  sx1276.o(.constdata)
    Datarates                                0x0800f8a0   Data           8  loramac.o(.constdata)
    MaxPayloadOfDatarate                     0x0800f8a8   Data           8  loramac.o(.constdata)
    MaxPayloadOfDatarateRepeater             0x0800f8b0   Data           8  loramac.o(.constdata)
    TxPowers                                 0x0800f8b8   Data           6  loramac.o(.constdata)
    __mathlib_zero                           0x0800fdd8   Data           8  qnan.o(.constdata)
    __ctype_categories                       0x0800fde0   Data          64  ctype_c.o(.constdata)
    Region$$Table$$Base                      0x0800ff0c   Number         0  anon$$obj.o(Region$$Table)
    Region$$Table$$Limit                     0x0800ff2c   Number         0  anon$$obj.o(Region$$Table)
    SystemCoreClock                          0x20000000   Data           4  system_stm32l0xx.o(.data)
    uwTick                                   0x20000004   Data           4  stm32l0xx_hal.o(.data)
    TimerTickCounter                         0x20000010   Data           8  timer-board.o(.data)
    TimeoutCntValue                          0x20000020   Data           8  timer-board.o(.data)
    uwPrescalerValue                         0x20000028   Data           4  timer-board.o(.data)
    LowPowerModeEnable                       0x20000030   Data           1  timerserver.o(.data)
    HasLoopedThroughMain                     0x20000031   Data           1  timerserver.o(.data)
    device_type                              0x20000038   Data           1  bq24195.o(.data)
    sendwkup                                 0x20000039   Data           1  board.o(.data)
    RadioEvents                              0x2000003c   Data           4  sx1276.o(.data)
    readfifo                                 0x20000040   Data           1  sx1276.o(.data)
    UpLinkCounter                            0x20000068   Data           4  loramac.o(.data)
    Channels                                 0x20000088   Data         256  loramac.o(.data)
    Channel                                  0x200001a5   Data           1  loramac.o(.data)
    LoRaMacState                             0x200001a8   Data           4  loramac.o(.data)
    TxTimeOnAir                              0x200001d4   Data           4  loramac.o(.data)
    LoRaMacFlags                             0x200001d9   Data           1  loramac.o(.data)
    rx1time                                  0x200001dc   Data           4  loramac.o(.data)
    rx_start                                 0x200001e0   Data           1  loramac.o(.data)
    process_list                             0x20000218   Data           4  process.o(.data)
    process_current                          0x2000021c   Data           4  process.o(.data)
    etimer_process                           0x20000240   Data          16  etimer.o(.data)
    TickCounter                              0x2000025c   Data           4  clock.o(.data)
    TimerOverTime                            0x20000260   Data           4  clock.o(.data)
    Send_time                                0x20000264   Data           4  clock.o(.data)
    loramac_rx_info                          0x20000268   Data           4  main.o(.data)
    loramac_evt                              0x2000026c   Data           1  main.o(.data)
    Gps_Send_Stae                            0x2000026d   Data           1  main.o(.data)
    mac_callback_g                           0x20000270   Data           4  user-app.o(.data)
    IsNetworkJoined                          0x20000274   Data           1  user-app.o(.data)
    JoinReq_flag                             0x20000275   Data           1  user-app.o(.data)
    DevEui                                   0x20000276   Data           8  user-app.o(.data)
    LoRapp_Handle                            0x200002b0   Data          24  user-app.o(.data)
    Get_Flash_Datas                          0x200002c8   Data           6  user-app.o(.data)
    LoRaFrameType                            0x200002ce   Data           1  user-app.o(.data)
    Csma                                     0x200002d0   Data          12  lora-cad.o(.data)
    RfSend_time                              0x200002dc   Data           4  lora-cad.o(.data)
    __stdout                                 0x200002e0   Data           4  stdout.o(.data)
    __microlib_freelist                      0x200002e4   Data           4  mvars.o(.data)
    __microlib_freelist_initialised          0x200002e8   Data           4  mvars.o(.data)
    huart1                                   0x200002f0   Data         112  usart.o(.bss)
    huart2                                   0x20000360   Data         112  usart.o(.bss)
    huart5                                   0x200003d0   Data         112  usart.o(.bss)
    UART_RX_DATA2                            0x20000440   Data         528  usart.o(.bss)
    UART_RX_DATA5                            0x20000650   Data         528  usart.o(.bss)
    Get_Gps_Ack                              0x20000860   Data          64  usart.o(.bss)
    hspi1                                    0x200008a0   Data          88  spi.o(.bss)
    hdma_spi1_tx                             0x200008f8   Data          64  spi.o(.bss)
    hdma_spi1_rx                             0x20000938   Data          64  spi.o(.bss)
    RtcHandle                                0x20000978   Data          36  rtc-board.o(.bss)
    htim2                                    0x2000099c   Data          56  timer-board.o(.bss)
    hadc                                     0x200009d4   Data          96  adc.o(.bss)
    hi2c2                                    0x20000a34   Data          76  i2c.o(.bss)
    SX1276                                   0x20000b80   Data          96  sx1276.o(.bss)
    TxTimeoutTimer                           0x20000be0   Data          20  sx1276.o(.bss)
    RxTimeoutTimer                           0x20000bf4   Data          20  sx1276.o(.bss)
    RxTimeoutSyncWord                        0x20000c08   Data          20  sx1276.o(.bss)
    JoinReqTimer                             0x200013d8   Data          20  user-app.o(.bss)
    RxInfo                                   0x200013ec   Data         264  user-app.o(.bss)
    AppEui                                   0x200014f4   Data          16  user-app.o(.bss)
    AppKey                                   0x20001504   Data          32  user-app.o(.bss)
    String_Buffer                            0x20001524   Data          33  user-app.o(.bss)
    AppData                                  0x20001545   Data          43  user-app.o(.bss)
    LoRaMacCsma                              0x20001570   Data          12  lora-cad.o(.bss)
    CsmaTimer                                0x2000157c   Data          20  lora-cad.o(.bss)
    __heap_base                              0x20001590   Data           0  startup_stm32l073xx.o(HEAP)
    __heap_limit                             0x20001790   Data           0  startup_stm32l073xx.o(HEAP)
    __initial_sp                             0x20001b90   Data           0  startup_stm32l073xx.o(STACK)



==============================================================================

Memory Map of the image

  Image Entry point : 0x080000c1

  Load Region LR_IROM1 (Base: 0x08000000, Size: 0x0001021c, Max: 0x00020000, ABSOLUTE, COMPRESSED[0x0000ff94])

    Execution Region ER_IROM1 (Base: 0x08000000, Size: 0x0000ff2c, Max: 0x00020000, ABSOLUTE)

    Base Addr    Size         Type   Attr      Idx    E Section Name        Object

    0x08000000   0x000000c0   Data   RO            3    RESET               startup_stm32l073xx.o
    0x080000c0   0x00000000   Code   RO         7044  * .ARM.Collect$$$$00000000  mc_p.l(entry.o)
    0x080000c0   0x00000004   Code   RO         7415    .ARM.Collect$$$$00000001  mc_p.l(entry2.o)
    0x080000c4   0x00000004   Code   RO         7418    .ARM.Collect$$$$00000004  mc_p.l(entry5.o)
    0x080000c8   0x00000000   Code   RO         7420    .ARM.Collect$$$$00000008  mc_p.l(entry7b.o)
    0x080000c8   0x00000000   Code   RO         7422    .ARM.Collect$$$$0000000A  mc_p.l(entry8b.o)
    0x080000c8   0x00000008   Code   RO         7423    .ARM.Collect$$$$0000000B  mc_p.l(entry9a.o)
    0x080000d0   0x00000000   Code   RO         7425    .ARM.Collect$$$$0000000D  mc_p.l(entry10a.o)
    0x080000d0   0x00000000   Code   RO         7427    .ARM.Collect$$$$0000000F  mc_p.l(entry11a.o)
    0x080000d0   0x00000004   Code   RO         7416    .ARM.Collect$$$$00002712  mc_p.l(entry2.o)
    0x080000d4   0x0000001c   Code   RO            4    .text               startup_stm32l073xx.o
    0x080000f0   0x0000002c   Code   RO         7047    .text               mc_p.l(uidiv.o)
    0x0800011c   0x00000028   Code   RO         7049    .text               mc_p.l(idiv.o)
    0x08000144   0x00000060   Code   RO         7051    .text               mc_p.l(uldiv.o)
    0x080001a4   0x0000007a   Code   RO         7053    .text               mc_p.l(llmul.o)
    0x0800021e   0x00000024   Code   RO         7055    .text               mc_p.l(memcpya.o)
    0x08000242   0x00000024   Code   RO         7057    .text               mc_p.l(memseta.o)
    0x08000266   0x0000000e   Code   RO         7059    .text               mc_p.l(strlen.o)
    0x08000274   0x0000001c   Code   RO         7061    .text               mc_p.l(strcmp.o)
    0x08000290   0x0000003c   Code   RO         7354    .text               mc_p.l(__0sscanf.o)
    0x080002cc   0x0000014a   Code   RO         7356    .text               mc_p.l(_scanf_int.o)
    0x08000416   0x000000b2   Code   RO         7358    .text               mf_p.l(fadd.o)
    0x080004c8   0x0000007a   Code   RO         7360    .text               mf_p.l(fmul.o)
    0x08000542   0x0000007c   Code   RO         7362    .text               mf_p.l(fdiv.o)
    0x080005be   0x00000002   PAD
    0x080005c0   0x00000164   Code   RO         7364    .text               mf_p.l(dadd.o)
    0x08000724   0x000000d0   Code   RO         7366    .text               mf_p.l(dmul.o)
    0x080007f4   0x000000f0   Code   RO         7368    .text               mf_p.l(ddiv.o)
    0x080008e4   0x0000000e   Code   RO         7370    .text               mf_p.l(ffltui.o)
    0x080008f2   0x00000002   PAD
    0x080008f4   0x00000028   Code   RO         7372    .text               mf_p.l(dflti.o)
    0x0800091c   0x0000001c   Code   RO         7374    .text               mf_p.l(dfltui.o)
    0x08000938   0x00000028   Code   RO         7376    .text               mf_p.l(ffixui.o)
    0x08000960   0x00000048   Code   RO         7378    .text               mf_p.l(dfixi.o)
    0x080009a8   0x0000003c   Code   RO         7380    .text               mf_p.l(dfixui.o)
    0x080009e4   0x00000028   Code   RO         7382    .text               mf_p.l(f2d.o)
    0x08000a0c   0x00000028   Code   RO         7384    .text               mf_p.l(cdrcmple.o)
    0x08000a34   0x00000014   Code   RO         7386    .text               mf_p.l(cfrcmple.o)
    0x08000a48   0x00000020   Code   RO         7430    .text               mc_p.l(llshl.o)
    0x08000a68   0x00000022   Code   RO         7432    .text               mc_p.l(llushr.o)
    0x08000a8a   0x00000026   Code   RO         7434    .text               mc_p.l(llsshr.o)
    0x08000ab0   0x0000001e   Code   RO         7445    .text               mc_p.l(_chval.o)
    0x08000ace   0x00000002   PAD
    0x08000ad0   0x0000002c   Code   RO         7447    .text               mc_p.l(scanf_char.o)
    0x08000afc   0x00000044   Code   RO         7449    .text               mc_p.l(_sgetc.o)
    0x08000b40   0x00000000   Code   RO         7451    .text               mc_p.l(iusefp.o)
    0x08000b40   0x00000082   Code   RO         7452    .text               mf_p.l(fepilogue.o)
    0x08000bc2   0x000000be   Code   RO         7454    .text               mf_p.l(depilogue.o)
    0x08000c80   0x0000002c   Code   RO         7458    .text               mf_p.l(dscalb.o)
    0x08000cac   0x0000007c   Code   RO         7460    .text               mf_p.l(drnd.o)
    0x08000d28   0x00000040   Code   RO         7462    .text               mf_p.l(dfixul.o)
    0x08000d68   0x00000028   Code   RO         7464    .text               mf_p.l(cdcmple.o)
    0x08000d90   0x00000024   Code   RO         7466    .text               mc_p.l(init.o)
    0x08000db4   0x0000000e   Code   RO         7468    .text               mc_p.l(isspace_c.o)
    0x08000dc2   0x00000002   PAD
    0x08000dc4   0x00000338   Code   RO         7470    .text               mc_p.l(_scanf.o)
    0x080010fc   0x000000a2   Code   RO         7472    .text               mf_p.l(dsqrt.o)
    0x0800119e   0x00000002   PAD
    0x080011a0   0x00000024   Code   RO         7474    .text               mc_p.l(ctype_c.o)
    0x080011c4   0x00000056   Code   RO         7485    .text               mc_p.l(__dczerorl2.o)
    0x0800121a   0x0000006c   Code   RO          395    i.ADC_ConversionStop  stm32l0xx_hal_adc.o
    0x08001286   0x00000002   PAD
    0x08001288   0x0000002c   Code   RO          399    i.ADC_DelayMicroSecond  stm32l0xx_hal_adc.o
    0x080012b4   0x0000009c   Code   RO          400    i.ADC_Disable       stm32l0xx_hal_adc.o
    0x08001350   0x000000a4   Code   RO          401    i.ADC_Enable        stm32l0xx_hal_adc.o
    0x080013f4   0x000001aa   Code   RO         6291    i.AES_CMAC_Final    cmac.o
    0x0800159e   0x00000020   Code   RO         6292    i.AES_CMAC_Init     cmac.o
    0x080015be   0x00000014   Code   RO         6293    i.AES_CMAC_SetKey   cmac.o
    0x080015d2   0x000000c4   Code   RO         6294    i.AES_CMAC_Update   cmac.o
    0x08001696   0x00000002   PAD
    0x08001698   0x0000008c   Code   RO         4772    i.AdcReadParameter  adc.o
    0x08001724   0x00000144   Code   RO         5651    i.AddMacCommand     loramac.o
    0x08001868   0x0000006c   Code   RO         5652    i.AdrNextDr         loramac.o
    0x080018d4   0x000001a4   Code   RO         5281    i.BoardDeInitMcu    board.o
    0x08001a78   0x00000134   Code   RO         5284    i.BoardInitMcu      board.o
    0x08001bac   0x00000018   Code   RO         5041    i.Bq24195EnableCharge  user_bq24195.o
    0x08001bc4   0x00000058   Code   RO         5043    i.Bq24195ReadByte   user_bq24195.o
    0x08001c1c   0x00000058   Code   RO         5046    i.Bq24195WriteByte  user_bq24195.o
    0x08001c74   0x00000154   Code   RO         5018    i.CheckBattery      power.o
    0x08001dc8   0x0000000c   Code   RO         4512    i.DelayMs           delay.o
    0x08001dd4   0x0000003e   Code   RO         5653    i.DisableChannelInMask  loramac.o
    0x08001e12   0x0000000a   Code   RO         4734    i.EXTI0_1_IRQHandler  gpio-board.o
    0x08001e1c   0x0000000a   Code   RO         4735    i.EXTI2_3_IRQHandler  gpio-board.o
    0x08001e26   0x0000005c   Code   RO         4736    i.EXTI4_15_IRQHandler  gpio-board.o
    0x08001e82   0x00000002   PAD
    0x08001e84   0x00000014   Code   RO         6707    i.Error_Handler     main.o
    0x08001e98   0x00000034   Code   RO         5417    i.GetFskBandwidthRegValue  sx1276.o
    0x08001ecc   0x00000014   Code   RO         5343    i.GpioWrite         gpio.o
    0x08001ee0   0x000000d8   Code   RO          578    i.HAL_ADCEx_Calibration_Start  stm32l0xx_hal_adc_ex.o
    0x08001fb8   0x00000148   Code   RO          403    i.HAL_ADC_ConfigChannel  stm32l0xx_hal_adc.o
    0x08002100   0x000000d4   Code   RO          406    i.HAL_ADC_DeInit    stm32l0xx_hal_adc.o
    0x080021d4   0x00000006   Code   RO          409    i.HAL_ADC_GetState  stm32l0xx_hal_adc.o
    0x080021da   0x00000008   Code   RO          410    i.HAL_ADC_GetValue  stm32l0xx_hal_adc.o
    0x080021e2   0x00000002   PAD
    0x080021e4   0x00000234   Code   RO          412    i.HAL_ADC_Init      stm32l0xx_hal_adc.o
    0x08002418   0x0000002c   Code   RO         4773    i.HAL_ADC_MspDeInit  adc.o
    0x08002444   0x0000003c   Code   RO         4774    i.HAL_ADC_MspInit   adc.o
    0x08002480   0x000000e8   Code   RO          416    i.HAL_ADC_PollForConversion  stm32l0xx_hal_adc.o
    0x08002568   0x00000078   Code   RO          418    i.HAL_ADC_Start     stm32l0xx_hal_adc.o
    0x080025e0   0x00000050   Code   RO          421    i.HAL_ADC_Stop      stm32l0xx_hal_adc.o
    0x08002630   0x000000b4   Code   RO          832    i.HAL_DMA_Abort_IT  stm32l0xx_hal_dma.o
    0x080026e4   0x00000128   Code   RO         1229    i.HAL_GPIO_DeInit   stm32l0xx_hal_gpio.o
    0x0800280c   0x00000074   Code   RO         4737    i.HAL_GPIO_EXTI_Callback  gpio-board.o
    0x08002880   0x00000020   Code   RO         1231    i.HAL_GPIO_EXTI_IRQHandler  stm32l0xx_hal_gpio.o
    0x080028a0   0x000001f8   Code   RO         1232    i.HAL_GPIO_Init     stm32l0xx_hal_gpio.o
    0x08002a98   0x0000000c   Code   RO         1236    i.HAL_GPIO_WritePin  stm32l0xx_hal_gpio.o
    0x08002aa4   0x0000000c   Code   RO          237    i.HAL_GetTick       stm32l0xx_hal.o
    0x08002ab0   0x0000006e   Code   RO         1715    i.HAL_I2CEx_ConfigAnalogFilter  stm32l0xx_hal_i2c_ex.o
    0x08002b1e   0x00000072   Code   RO         1716    i.HAL_I2CEx_ConfigDigitalFilter  stm32l0xx_hal_i2c_ex.o
    0x08002b90   0x00000042   Code   RO         1293    i.HAL_I2C_DeInit    stm32l0xx_hal_i2c.o
    0x08002bd2   0x00000002   PAD
    0x08002bd4   0x000000d4   Code   RO         1302    i.HAL_I2C_Init      stm32l0xx_hal_i2c.o
    0x08002ca8   0x000001c4   Code   RO         1318    i.HAL_I2C_Mem_Read  stm32l0xx_hal_i2c.o
    0x08002e6c   0x000001c4   Code   RO         1321    i.HAL_I2C_Mem_Write  stm32l0xx_hal_i2c.o
    0x08003030   0x00000034   Code   RO         4980    i.HAL_I2C_MspDeInit  i2c.o
    0x08003064   0x0000004c   Code   RO         4981    i.HAL_I2C_MspInit   i2c.o
    0x080030b0   0x00000010   Code   RO          238    i.HAL_IncTick       stm32l0xx_hal.o
    0x080030c0   0x00000020   Code   RO          239    i.HAL_Init          stm32l0xx_hal.o
    0x080030e0   0x00000028   Code   RO          240    i.HAL_InitTick      stm32l0xx_hal.o
    0x08003108   0x00000040   Code   RO         1792    i.HAL_MspInit       stm32l0xx_hal_msp_template.o
    0x08003148   0x00000018   Code   RO          634    i.HAL_NVIC_DisableIRQ  stm32l0xx_hal_cortex.o
    0x08003160   0x00000018   Code   RO          635    i.HAL_NVIC_EnableIRQ  stm32l0xx_hal_cortex.o
    0x08003178   0x00000012   Code   RO          639    i.HAL_NVIC_SetPriority  stm32l0xx_hal_cortex.o
    0x0800318a   0x00000002   PAD
    0x0800318c   0x00000014   Code   RO         1948    i.HAL_PWREx_EnableFastWakeUp  stm32l0xx_hal_pwr_ex.o
    0x080031a0   0x00000014   Code   RO         1950    i.HAL_PWREx_EnableUltraLowPower  stm32l0xx_hal_pwr_ex.o
    0x080031b4   0x00000014   Code   RO         1832    i.HAL_PWR_DisablePVD  stm32l0xx_hal_pwr.o
    0x080031c8   0x0000003c   Code   RO         1841    i.HAL_PWR_EnterSLEEPMode  stm32l0xx_hal_pwr.o
    0x08003204   0x00000048   Code   RO         1843    i.HAL_PWR_EnterSTOPMode  stm32l0xx_hal_pwr.o
    0x0800324c   0x0000038c   Code   RO         2113    i.HAL_RCCEx_GetPeriphCLKFreq  stm32l0xx_hal_rcc_ex.o
    0x080035d8   0x000002ac   Code   RO         2116    i.HAL_RCCEx_PeriphCLKConfig  stm32l0xx_hal_rcc_ex.o
    0x08003884   0x000001f8   Code   RO         2002    i.HAL_RCC_ClockConfig  stm32l0xx_hal_rcc.o
    0x08003a7c   0x0000000c   Code   RO         2006    i.HAL_RCC_GetHCLKFreq  stm32l0xx_hal_rcc.o
    0x08003a88   0x00000024   Code   RO         2008    i.HAL_RCC_GetPCLK1Freq  stm32l0xx_hal_rcc.o
    0x08003aac   0x00000024   Code   RO         2009    i.HAL_RCC_GetPCLK2Freq  stm32l0xx_hal_rcc.o
    0x08003ad0   0x000000e4   Code   RO         2010    i.HAL_RCC_GetSysClockFreq  stm32l0xx_hal_rcc.o
    0x08003bb4   0x000006d4   Code   RO         2013    i.HAL_RCC_OscConfig  stm32l0xx_hal_rcc.o
    0x08004288   0x00000002   Code   RO         2360    i.HAL_RTCEx_AlarmBEventCallback  stm32l0xx_hal_rtc_ex.o
    0x0800428a   0x000000ae   Code   RO         2367    i.HAL_RTCEx_DeactivateWakeUpTimer  stm32l0xx_hal_rtc_ex.o
    0x08004338   0x00000068   Code   RO         6767    i.HAL_RTC_AlarmAEventCallback  stm32l0xx_it.o
    0x080043a0   0x00000088   Code   RO         2227    i.HAL_RTC_AlarmIRQHandler  stm32l0xx_hal_rtc.o
    0x08004428   0x00000112   Code   RO         2229    i.HAL_RTC_DeactivateAlarm  stm32l0xx_hal_rtc.o
    0x0800453a   0x00000002   PAD
    0x0800453c   0x0000005c   Code   RO         2231    i.HAL_RTC_GetDate   stm32l0xx_hal_rtc.o
    0x08004598   0x0000006c   Code   RO         2233    i.HAL_RTC_GetTime   stm32l0xx_hal_rtc.o
    0x08004604   0x000000dc   Code   RO         2234    i.HAL_RTC_Init      stm32l0xx_hal_rtc.o
    0x080046e0   0x00000020   Code   RO         4454    i.HAL_RTC_MspInit   rtc-board.o
    0x08004700   0x0000025c   Code   RO         2239    i.HAL_RTC_SetAlarm_IT  stm32l0xx_hal_rtc.o
    0x0800495c   0x00000130   Code   RO         2240    i.HAL_RTC_SetDate   stm32l0xx_hal_rtc.o
    0x08004a8c   0x00000154   Code   RO         2241    i.HAL_RTC_SetTime   stm32l0xx_hal_rtc.o
    0x08004be0   0x0000003c   Code   RO         2242    i.HAL_RTC_WaitForSynchro  stm32l0xx_hal_rtc.o
    0x08004c1c   0x00000014   Code   RO          243    i.HAL_ResumeTick    stm32l0xx_hal.o
    0x08004c30   0x0000003a   Code   RO         2587    i.HAL_SPI_DeInit    stm32l0xx_hal_spi.o
    0x08004c6a   0x0000008e   Code   RO         2592    i.HAL_SPI_Init      stm32l0xx_hal_spi.o
    0x08004cf8   0x00000040   Code   RO         4393    i.HAL_SPI_MspDeInit  spi.o
    0x08004d38   0x00000060   Code   RO         4394    i.HAL_SPI_MspInit   spi.o
    0x08004d98   0x00000260   Code   RO         2595    i.HAL_SPI_Receive   stm32l0xx_hal_spi.o
    0x08004ff8   0x000001da   Code   RO         2600    i.HAL_SPI_Transmit  stm32l0xx_hal_spi.o
    0x080051d2   0x0000037e   Code   RO         2601    i.HAL_SPI_TransmitReceive  stm32l0xx_hal_spi.o
    0x08005550   0x00000024   Code   RO          641    i.HAL_SYSTICK_CLKSourceConfig  stm32l0xx_hal_cortex.o
    0x08005574   0x00000002   Code   RO          642    i.HAL_SYSTICK_Callback  stm32l0xx_hal_cortex.o
    0x08005576   0x00000002   PAD
    0x08005578   0x00000038   Code   RO          643    i.HAL_SYSTICK_Config  stm32l0xx_hal_cortex.o
    0x080055b0   0x00000008   Code   RO          644    i.HAL_SYSTICK_IRQHandler  stm32l0xx_hal_cortex.o
    0x080055b8   0x00000014   Code   RO          248    i.HAL_SuspendTick   stm32l0xx_hal.o
    0x080055cc   0x00000062   Code   RO         3454    i.HAL_TIMEx_MasterConfigSynchronization  stm32l0xx_hal_tim_ex.o
    0x0800562e   0x00000038   Code   RO         2821    i.HAL_TIM_Base_Init  stm32l0xx_hal_tim.o
    0x08005666   0x00000002   PAD
    0x08005668   0x00000028   Code   RO         4558    i.HAL_TIM_Base_MspDeInit  timer-board.o
    0x08005690   0x0000001c   Code   RO         4559    i.HAL_TIM_Base_MspInit  timer-board.o
    0x080056ac   0x0000001e   Code   RO         2826    i.HAL_TIM_Base_Start_IT  stm32l0xx_hal_tim.o
    0x080056ca   0x0000013e   Code   RO         2830    i.HAL_TIM_ConfigClockSource  stm32l0xx_hal_tim.o
    0x08005808   0x00000002   Code   RO         2850    i.HAL_TIM_IC_CaptureCallback  stm32l0xx_hal_tim.o
    0x0800580a   0x0000017c   Code   RO         2863    i.HAL_TIM_IRQHandler  stm32l0xx_hal_tim.o
    0x08005986   0x00000002   Code   RO         2866    i.HAL_TIM_OC_DelayElapsedCallback  stm32l0xx_hal_tim.o
    0x08005988   0x00000002   Code   RO         2893    i.HAL_TIM_PWM_PulseFinishedCallback  stm32l0xx_hal_tim.o
    0x0800598a   0x00000002   Code   RO         2900    i.HAL_TIM_PeriodElapsedCallback  stm32l0xx_hal_tim.o
    0x0800598c   0x00000002   Code   RO         2904    i.HAL_TIM_TriggerCallback  stm32l0xx_hal_tim.o
    0x0800598e   0x00000002   Code   RO         3836    i.HAL_UARTEx_WakeupCallback  stm32l0xx_hal_uart_ex.o
    0x08005990   0x0000004c   Code   RO         3501    i.HAL_UART_DeInit   stm32l0xx_hal_uart.o
    0x080059dc   0x00000002   Code   RO         3502    i.HAL_UART_ErrorCallback  stm32l0xx_hal_uart.o
    0x080059de   0x00000014   Code   RO         3504    i.HAL_UART_GetState  stm32l0xx_hal_uart.o
    0x080059f2   0x00000002   PAD
    0x080059f4   0x000001c0   Code   RO         3505    i.HAL_UART_IRQHandler  stm32l0xx_hal_uart.o
    0x08005bb4   0x00000082   Code   RO         3506    i.HAL_UART_Init     stm32l0xx_hal_uart.o
    0x08005c36   0x00000002   PAD
    0x08005c38   0x00000090   Code   RO         4202    i.HAL_UART_MspDeInit  usart.o
    0x08005cc8   0x000000c0   Code   RO         4203    i.HAL_UART_MspInit  usart.o
    0x08005d88   0x000000ec   Code   RO         3511    i.HAL_UART_Receive_IT  stm32l0xx_hal_uart.o
    0x08005e74   0x000001dc   Code   RO         4204    i.HAL_UART_RxCpltCallback  usart.o
    0x08006050   0x000000f0   Code   RO         3514    i.HAL_UART_Transmit  stm32l0xx_hal_uart.o
    0x08006140   0x00000002   Code   RO         3517    i.HAL_UART_TxCpltCallback  stm32l0xx_hal_uart.o
    0x08006142   0x00000002   PAD
    0x08006144   0x00000018   Code   RO         6768    i.HardFault_Handler  stm32l0xx_it.o
    0x0800615c   0x00000032   Code   RO         1344    i.I2C_Flush_TXDR    stm32l0xx_hal_i2c.o
    0x0800618e   0x00000002   PAD
    0x08006190   0x00000094   Code   RO         1352    i.I2C_IsAcknowledgeFailed  stm32l0xx_hal_i2c.o
    0x08006224   0x00000092   Code   RO         1355    i.I2C_RequestMemoryRead  stm32l0xx_hal_i2c.o
    0x080062b6   0x00000092   Code   RO         1356    i.I2C_RequestMemoryWrite  stm32l0xx_hal_i2c.o
    0x08006348   0x00000030   Code   RO         1359    i.I2C_TransferConfig  stm32l0xx_hal_i2c.o
    0x08006378   0x00000052   Code   RO         1360    i.I2C_WaitOnFlagUntilTimeout  stm32l0xx_hal_i2c.o
    0x080063ca   0x0000005a   Code   RO         1362    i.I2C_WaitOnSTOPFlagUntilTimeout  stm32l0xx_hal_i2c.o
    0x08006424   0x00000060   Code   RO         1363    i.I2C_WaitOnTXISFlagUntilTimeout  stm32l0xx_hal_i2c.o
    0x08006484   0x00000078   Code   RO         4946    i.InitBq24195       bq24195.o
    0x080064fc   0x000000a0   Code   RO         4947    i.InitPower         bq24195.o
    0x0800659c   0x00000044   Code   RO         6848    i.IntoLowPower      user-app.o
    0x080065e0   0x00000006   Code   RO         5654    i.LimitTxPower      loramac.o
    0x080065e6   0x00000002   PAD
    0x080065e8   0x00000114   Code   RO         5655    i.LoRaMacChannelAdd  loramac.o
    0x080066fc   0x0000005c   Code   RO         5656    i.LoRaMacChannelRemove  loramac.o
    0x08006758   0x00000094   Code   RO         6121    i.LoRaMacComputeMic  loramaccrypto.o
    0x080067ec   0x00000044   Code   RO         5906    i.LoRaMacInit       loramac-api-v3.o
    0x08006830   0x00000048   Code   RO         5907    i.LoRaMacInitNwkIds  loramac-api-v3.o
    0x08006878   0x00000228   Code   RO         5657    i.LoRaMacInitialization  loramac.o
    0x08006aa0   0x00000054   Code   RO         6122    i.LoRaMacJoinComputeMic  loramaccrypto.o
    0x08006af4   0x0000008c   Code   RO         6123    i.LoRaMacJoinComputeSKeys  loramaccrypto.o
    0x08006b80   0x00000040   Code   RO         6124    i.LoRaMacJoinDecrypt  loramaccrypto.o
    0x08006bc0   0x000001c0   Code   RO         5660    i.LoRaMacMibSetRequestConfirm  loramac.o
    0x08006d80   0x00000024   Code   RO         6125    i.LoRaMacPayloadDecrypt  loramaccrypto.o
    0x08006da4   0x000000e0   Code   RO         6126    i.LoRaMacPayloadEncrypt  loramaccrypto.o
    0x08006e84   0x00000012   Code   RO         5918    i.LoRaMacSetAdrOn   loramac-api-v3.o
    0x08006e96   0x00000012   Code   RO         5924    i.LoRaMacSetDeviceClass  loramac-api-v3.o
    0x08006ea8   0x0000000c   Code   RO         5666    i.LoRaMacTestSetDutyCycleOn  loramac.o
    0x08006eb4   0x00000094   Code   RO         5344    i.LoRaPower_Init    gpio.o
    0x08006f48   0x00000060   Code   RO         4775    i.MX_ADC_Init       adc.o
    0x08006fa8   0x0000005c   Code   RO         4982    i.MX_I2C2_Init      i2c.o
    0x08007004   0x00000044   Code   RO         4205    i.MX_USART1_UART_Init  usart.o
    0x08007048   0x00000060   Code   RO         4206    i.MX_USART2_UART_Init  usart.o
    0x080070a8   0x00000060   Code   RO         5934    i.McpsConfirm       loramac-api-v3.o
    0x08007108   0x0000008c   Code   RO         5935    i.McpsIndication    loramac-api-v3.o
    0x08007194   0x000000b0   Code   RO         5936    i.MlmeConfirm       loramac-api-v3.o
    0x08007244   0x00000002   Code   RO         6769    i.NMI_Handler       stm32l0xx_it.o
    0x08007246   0x00000002   PAD
    0x08007248   0x00000078   Code   RO          645    i.NVIC_SetPriority  stm32l0xx_hal_cortex.o
    0x080072c0   0x0000007c   Code   RO         5669    i.OnAckTimeoutTimerEvent  loramac.o
    0x0800733c   0x00000018   Code   RO         6970    i.OnCsmaTimerEvent  lora-cad.o
    0x08007354   0x00000210   Code   RO         6850    i.OnMacEvent        user-app.o
    0x08007564   0x000004c8   Code   RO         5670    i.OnMacStateCheckTimerEvent  loramac.o
    0x08007a2c   0x00000064   Code   RO         5671    i.OnRadioCadDone    loramac.o
    0x08007a90   0x00000920   Code   RO         5672    i.OnRadioRxDone     loramac.o
    0x080083b0   0x000000c8   Code   RO         5673    i.OnRadioRxError    loramac.o
    0x08008478   0x00000060   Code   RO         5674    i.OnRadioRxTimeout  loramac.o
    0x080084d8   0x0000024c   Code   RO         5675    i.OnRadioTxDone     loramac.o
    0x08008724   0x00000044   Code   RO         5676    i.OnRadioTxTimeout  loramac.o
    0x08008768   0x000000f0   Code   RO         5677    i.OnRxWindow1TimerEvent  loramac.o
    0x08008858   0x00000194   Code   RO         5678    i.OnRxWindow2TimerEvent  loramac.o
    0x080089ec   0x00000090   Code   RO         5679    i.OnTxDelayedTimerEvent  loramac.o
    0x08008a7c   0x00000002   Code   RO         6770    i.PendSV_Handler    stm32l0xx_it.o
    0x08008a7e   0x00000002   PAD
    0x08008a80   0x00000474   Code   RO         5680    i.PrepareFrame      loramac.o
    0x08008ef4   0x000000ac   Code   RO         5681    i.PrepareRxDoneAbort  loramac.o
    0x08008fa0   0x00000474   Code   RO         5682    i.ProcessMacCommands  loramac.o
    0x08009414   0x00000098   Code   RO         2014    i.RCC_SetFlashLatencyFromMSIRange  stm32l0xx_hal_rcc.o
    0x080094ac   0x00000002   Code   RO         6708    i.RFTXDONE          main.o
    0x080094ae   0x0000001a   Code   RO         2243    i.RTC_Bcd2ToByte    stm32l0xx_hal_rtc.o
    0x080094c8   0x0000001a   Code   RO         2244    i.RTC_ByteToBcd2    stm32l0xx_hal_rtc.o
    0x080094e2   0x00000042   Code   RO         2245    i.RTC_EnterInitMode  stm32l0xx_hal_rtc.o
    0x08009524   0x00000018   Code   RO         6771    i.RTC_IRQHandler    stm32l0xx_it.o
    0x0800953c   0x000001f4   Code   RO         6855    i.ReadFlashData     user-app.o
    0x08009730   0x00000080   Code   RO         4455    i.RtcInit           rtc-board.o
    0x080097b0   0x000000b8   Code   RO         5418    i.RxChainCalibration  sx1276.o
    0x08009868   0x00000036   Code   RO         6856    i.RxLed             user-app.o
    0x0800989e   0x00000002   PAD
    0x080098a0   0x0000018c   Code   RO         5683    i.RxWindowSetup     loramac.o
    0x08009a2c   0x00000064   Code   RO         4395    i.SPI1_Init         spi.o
    0x08009a90   0x00000068   Code   RO         4396    i.SPI1_NSS          spi.o
    0x08009af8   0x00000048   Code   RO         4397    i.SPI1_Read         spi.o
    0x08009b40   0x0000003c   Code   RO         4398    i.SPI1_Write        spi.o
    0x08009b7c   0x00000118   Code   RO         2622    i.SPI_WaitOnFlagUntilTimeout  stm32l0xx_hal_spi.o
    0x08009c94   0x00000002   Code   RO         6772    i.SVC_Handler       stm32l0xx_it.o
    0x08009c96   0x00000002   PAD
    0x08009c98   0x0000000c   Code   RO         4658    i.SX1276AntSwDeInit  sx1276-board.o
    0x08009ca4   0x0000000c   Code   RO         4659    i.SX1276AntSwInit   sx1276-board.o
    0x08009cb0   0x00000006   Code   RO         4660    i.SX1276CheckRfFrequency  sx1276-board.o
    0x08009cb6   0x00000002   PAD
    0x08009cb8   0x00000078   Code   RO         5345    i.SX1276EXTI_Init   gpio.o
    0x08009d30   0x0000004c   Code   RO         5346    i.SX1276GPIO_Init   gpio.o
    0x08009d7c   0x00000014   Code   RO         4661    i.SX1276GetPaSelect  sx1276-board.o
    0x08009d90   0x0000000c   Code   RO         5419    i.SX1276GetStatus   sx1276.o
    0x08009d9c   0x000002a0   Code   RO         5420    i.SX1276GetTimeOnAir  sx1276.o
    0x0800a03c   0x00000088   Code   RO         5421    i.SX1276Init        sx1276.o
    0x0800a0c4   0x0000000c   Code   RO         4663    i.SX1276IoInit      sx1276-board.o
    0x0800a0d0   0x0000003a   Code   RO         5422    i.SX1276IsChannelFree  sx1276.o
    0x0800a10a   0x00000002   PAD
    0x0800a10c   0x0000043c   Code   RO         5423    i.SX1276OnDio0Irq   sx1276.o
    0x0800a548   0x0000018c   Code   RO         5424    i.SX1276OnDio1Irq   sx1276.o
    0x0800a6d4   0x0000014c   Code   RO         5425    i.SX1276OnDio2Irq   sx1276.o
    0x0800a820   0x000000f4   Code   RO         5429    i.SX1276OnTimeoutIrq  sx1276.o
    0x0800a914   0x00000040   Code   RO         5430    i.SX1276Random      sx1276.o
    0x0800a954   0x00000014   Code   RO         5431    i.SX1276Read        sx1276.o
    0x0800a968   0x0000003c   Code   RO         5432    i.SX1276ReadBuffer  sx1276.o
    0x0800a9a4   0x00000012   Code   RO         5433    i.SX1276ReadFifo    sx1276.o
    0x0800a9b6   0x00000002   PAD
    0x0800a9b8   0x00000070   Code   RO         5434    i.SX1276ReadRssi    sx1276.o
    0x0800aa28   0x00000028   Code   RO         5435    i.SX1276Reset       sx1276.o
    0x0800aa50   0x0000014c   Code   RO         5436    i.SX1276Send        sx1276.o
    0x0800ab9c   0x00000018   Code   RO         4664    i.SX1276SetAntSw    sx1276-board.o
    0x0800abb4   0x00000024   Code   RO         4665    i.SX1276SetAntSwLowPower  sx1276-board.o
    0x0800abd8   0x00000048   Code   RO         5437    i.SX1276SetChannel  sx1276.o
    0x0800ac20   0x0000003c   Code   RO         5438    i.SX1276SetMaxPayloadLength  sx1276.o
    0x0800ac5c   0x00000080   Code   RO         5439    i.SX1276SetModem    sx1276.o
    0x0800acdc   0x00000050   Code   RO         5440    i.SX1276SetOpMode   sx1276.o
    0x0800ad2c   0x000003f4   Code   RO         5441    i.SX1276SetRx       sx1276.o
    0x0800b120   0x0000029c   Code   RO         5442    i.SX1276SetRxConfig  sx1276.o
    0x0800b3bc   0x00000028   Code   RO         5443    i.SX1276SetSleep    sx1276.o
    0x0800b3e4   0x00000028   Code   RO         5444    i.SX1276SetStby     sx1276.o
    0x0800b40c   0x000000cc   Code   RO         5445    i.SX1276SetTx       sx1276.o
    0x0800b4d8   0x00000324   Code   RO         5446    i.SX1276SetTxConfig  sx1276.o
    0x0800b7fc   0x00000048   Code   RO         5447    i.SX1276StartCad    sx1276.o
    0x0800b844   0x00000010   Code   RO         5448    i.SX1276Write       sx1276.o
    0x0800b854   0x0000003e   Code   RO         5449    i.SX1276WriteBuffer  sx1276.o
    0x0800b892   0x00000012   Code   RO         5450    i.SX1276WriteFifo   sx1276.o
    0x0800b8a4   0x000000e4   Code   RO         5684    i.ScheduleTx        loramac.o
    0x0800b988   0x00000036   Code   RO         6857    i.SendDoneLed       user-app.o
    0x0800b9be   0x00000002   PAD
    0x0800b9c0   0x00000234   Code   RO         5686    i.SendFrameOnChannel  loramac.o
    0x0800bbf4   0x0000002e   Code   RO         5055    i.SetBatteryRechargeThreshold  user_bq24195.o
    0x0800bc22   0x0000002e   Code   RO         5058    i.SetChargeType     user_bq24195.o
    0x0800bc50   0x00000040   Code   RO         5062    i.SetEnableChargeTimer  user_bq24195.o
    0x0800bc90   0x00000040   Code   RO         5068    i.SetHighImpedanceMode  user_bq24195.o
    0x0800bcd0   0x0000002e   Code   RO         5069    i.SetInputCurrentLimit  user_bq24195.o
    0x0800bcfe   0x0000002e   Code   RO         5070    i.SetInputVoltageLimit  user_bq24195.o
    0x0800bd2c   0x0000002e   Code   RO         5071    i.SetMiniSysVoltage  user_bq24195.o
    0x0800bd5a   0x00000002   PAD
    0x0800bd5c   0x0000020c   Code   RO         5687    i.SetNextChannel    loramac.o
    0x0800bf68   0x00000038   Code   RO         5688    i.SetPublicNetwork  loramac.o
    0x0800bfa0   0x00000150   Code   RO         4456    i.SetRtcAlarm       rtc-board.o
    0x0800c0f0   0x0000002e   Code   RO         5076    i.SetWdgTimer       user_bq24195.o
    0x0800c11e   0x0000001a   Code   RO         5392    i.StmFlashRead      stmflash.o
    0x0800c138   0x0000003c   Code   RO         6858    i.StringConversion  user-app.o
    0x0800c174   0x00000078   Code   RO         6638    i.SysTick_Handler   clock.o
    0x0800c1ec   0x000000a4   Code   RO         5286    i.SystemClockConfig  board.o
    0x0800c290   0x00000090   Code   RO         5287    i.SystemClockReConfig  board.o
    0x0800c320   0x00000068   Code   RO           13    i.SystemInit        system_stm32l0xx.o
    0x0800c388   0x00000034   Code   RO         6773    i.TIM2_IRQHandler   stm32l0xx_it.o
    0x0800c3bc   0x00000084   Code   RO         2905    i.TIM_Base_SetConfig  stm32l0xx_hal_tim.o
    0x0800c440   0x0000001e   Code   RO         2912    i.TIM_ETR_SetConfig  stm32l0xx_hal_tim.o
    0x0800c45e   0x0000001a   Code   RO         2913    i.TIM_ITRx_SetConfig  stm32l0xx_hal_tim.o
    0x0800c478   0x00000036   Code   RO         2919    i.TIM_TI1_ConfigInputStage  stm32l0xx_hal_tim.o
    0x0800c4ae   0x00000036   Code   RO         2921    i.TIM_TI2_ConfigInputStage  stm32l0xx_hal_tim.o
    0x0800c4e4   0x00000020   Code   RO         4816    i.TimerExists       timerserver.o
    0x0800c504   0x00000008   Code   RO         4817    i.TimerGetCurrentTime  timerserver.o
    0x0800c50c   0x00000008   Code   RO         4819    i.TimerGetValue     timerserver.o
    0x0800c514   0x0000002c   Code   RO         4563    i.TimerHwGetElapsedTime  timer-board.o
    0x0800c540   0x00000018   Code   RO         4564    i.TimerHwGetMinimumTimeout  timer-board.o
    0x0800c558   0x00000018   Code   RO         4565    i.TimerHwGetTime    timer-board.o
    0x0800c570   0x00000018   Code   RO         4566    i.TimerHwGetTimerValue  timer-board.o
    0x0800c588   0x00000068   Code   RO         4567    i.TimerHwInit       timer-board.o
    0x0800c5f0   0x00000044   Code   RO         4568    i.TimerHwStart      timer-board.o
    0x0800c634   0x0000001c   Code   RO         4570    i.TimerIncrementTickCounter  timer-board.o
    0x0800c650   0x0000000e   Code   RO         4820    i.TimerInit         timerserver.o
    0x0800c65e   0x00000002   PAD
    0x0800c660   0x00000030   Code   RO         4821    i.TimerInsertNewHeadTimer  timerserver.o
    0x0800c690   0x00000074   Code   RO         4822    i.TimerInsertTimer  timerserver.o
    0x0800c704   0x000000a4   Code   RO         4823    i.TimerIrqHandler   timerserver.o
    0x0800c7a8   0x00000018   Code   RO         4827    i.TimerSetTimeout   timerserver.o
    0x0800c7c0   0x00000020   Code   RO         4828    i.TimerSetValue     timerserver.o
    0x0800c7e0   0x00000088   Code   RO         4829    i.TimerStart        timerserver.o
    0x0800c868   0x000000ec   Code   RO         4830    i.TimerStop         timerserver.o
    0x0800c954   0x000000f0   Code   RO         3519    i.UART_AdvFeatureConfig  stm32l0xx_hal_uart.o
    0x0800ca44   0x00000074   Code   RO         3520    i.UART_CheckIdleState  stm32l0xx_hal_uart.o
    0x0800cab8   0x00000018   Code   RO         3521    i.UART_DMAAbortOnError  stm32l0xx_hal_uart.o
    0x0800cad0   0x00000022   Code   RO         3531    i.UART_EndRxTransfer  stm32l0xx_hal_uart.o
    0x0800caf2   0x00000020   Code   RO         3532    i.UART_EndTransmit_IT  stm32l0xx_hal_uart.o
    0x0800cb12   0x00000090   Code   RO         3534    i.UART_Receive_IT   stm32l0xx_hal_uart.o
    0x0800cba2   0x00000002   PAD
    0x0800cba4   0x000003f0   Code   RO         3535    i.UART_SetConfig    stm32l0xx_hal_uart.o
    0x0800cf94   0x00000072   Code   RO         3536    i.UART_Transmit_IT  stm32l0xx_hal_uart.o
    0x0800d006   0x00000070   Code   RO         3537    i.UART_WaitOnFlagUntilTimeout  stm32l0xx_hal_uart.o
    0x0800d076   0x00000002   PAD
    0x0800d078   0x00000058   Code   RO         6774    i.USART2_IRQHandler  stm32l0xx_it.o
    0x0800d0d0   0x00000080   Code   RO         6775    i.USART4_5_IRQHandler  stm32l0xx_it.o
    0x0800d150   0x000000cc   Code   RO         6859    i.UserAppInit       user-app.o
    0x0800d21c   0x00000250   Code   RO         6971    i.UserChannelAddFun  lora-cad.o
    0x0800d46c   0x00000074   Code   RO         6972    i.UserListenAagain  lora-cad.o
    0x0800d4e0   0x000000e4   Code   RO         6973    i.UserSymbolTime    lora-cad.o
    0x0800d5c4   0x00000044   Code   RO         5689    i.ValidatePayloadLength  loramac.o
    0x0800d608   0x00000012   Code   RO         5690    i.ValueInRange      loramac.o
    0x0800d61a   0x00000002   PAD
    0x0800d61c   0x00000020   Code   RO         7298    i.__0printf         mc_p.l(printfa.o)
    0x0800d63c   0x0000002e   Code   RO         7456    i.__ARM_clz         mf_p.l(depilogue.o)
    0x0800d66a   0x00000030   Code   RO         3822    i.__ARM_common_ll_muluu  stm32l0xx_hal_uart.o
    0x0800d69a   0x0000001c   Code   RO         3447    i.__ARM_common_switch8  stm32l0xx_hal_tim.o
    0x0800d6b6   0x00000002   PAD
    0x0800d6b8   0x0000002c   Code   RO         7402    i.__ARM_fpclassify  m_ps.l(fpclassify.o)
    0x0800d6e4   0x000000ac   Code   RO         7404    i.__kernel_poly     m_ps.l(poly.o)
    0x0800d790   0x00000014   Code   RO         7388    i.__mathlib_dbl_divzero  m_ps.l(dunder.o)
    0x0800d7a4   0x00000008   Code   RO         7390    i.__mathlib_dbl_infnan2  m_ps.l(dunder.o)
    0x0800d7ac   0x00000010   Code   RO         7391    i.__mathlib_dbl_invalid  m_ps.l(dunder.o)
    0x0800d7bc   0x00000014   Code   RO         7392    i.__mathlib_dbl_overflow  m_ps.l(dunder.o)
    0x0800d7d0   0x00000014   Code   RO         7394    i.__mathlib_dbl_underflow  m_ps.l(dunder.o)
    0x0800d7e4   0x0000000e   Code   RO         7479    i.__scatterload_copy  mc_p.l(handlers.o)
    0x0800d7f2   0x00000002   Code   RO         7480    i.__scatterload_null  mc_p.l(handlers.o)
    0x0800d7f4   0x0000000e   Code   RO         7481    i.__scatterload_zeroinit  mc_p.l(handlers.o)
    0x0800d802   0x00000002   PAD
    0x0800d804   0x0000000c   Code   RO         7440    i.__set_errno       mc_p.l(errno.o)
    0x0800d810   0x00000158   Code   RO         7305    i._fp_digits        mc_p.l(printfa.o)
    0x0800d968   0x000006ec   Code   RO         7306    i._printf_core      mc_p.l(printfa.o)
    0x0800e054   0x00000020   Code   RO         7307    i._printf_post_padding  mc_p.l(printfa.o)
    0x0800e074   0x0000002c   Code   RO         7308    i._printf_pre_padding  mc_p.l(printfa.o)
    0x0800e0a0   0x00000010   Code   RO         6230    i.add_round_key     aes.o
    0x0800e0b0   0x0000005a   Code   RO         6232    i.aes_encrypt       aes.o
    0x0800e10a   0x00000002   PAD
    0x0800e10c   0x0000011c   Code   RO         6233    i.aes_set_key       aes.o
    0x0800e228   0x00000034   Code   RO         6709    i.app_mac_cb        main.o
    0x0800e25c   0x000000c8   Code   RO         7025    i.ceil              m_ps.l(ceil.o)
    0x0800e324   0x00000028   Code   RO         6639    i.clock_init        clock.o
    0x0800e34c   0x0000000c   Code   RO         6641    i.clock_time        clock.o
    0x0800e358   0x00000024   Code   RO         6234    i.copy_and_key      aes.o
    0x0800e37c   0x00000012   Code   RO         6235    i.copy_block        aes.o
    0x0800e38e   0x00000018   Code   RO         6236    i.copy_block_nn     aes.o
    0x0800e3a6   0x00000002   PAD
    0x0800e3a8   0x00000014   Code   RO         4513    i.delay_init        delay.o
    0x0800e3bc   0x00000018   Code   RO         4514    i.delay_ms          delay.o
    0x0800e3d4   0x00000048   Code   RO         4515    i.delay_us          delay.o
    0x0800e41c   0x00000014   Code   RO         6502    i.etimer_pending    etimer.o
    0x0800e430   0x00000010   Code   RO         6503    i.etimer_request_poll  etimer.o
    0x0800e440   0x000000c8   Code   RO         7029    i.floor             m_ps.l(floor.o)
    0x0800e508   0x0000001c   Code   RO         4208    i.fputc             usart.o
    0x0800e524   0x000000dc   Code   RO         6710    i.main              main.o
    0x0800e600   0x0000006c   Code   RO         7327    i.malloc            mc_p.l(malloc.o)
    0x0800e66c   0x00000018   Code   RO         6175    i.memcpy1           utilities.o
    0x0800e684   0x0000001c   Code   RO         6176    i.memcpyr           utilities.o
    0x0800e6a0   0x00000010   Code   RO         6177    i.memset1           utilities.o
    0x0800e6b0   0x00000284   Code   RO         6237    i.mix_sub_columns   aes.o
    0x0800e934   0x000009fc   Code   RO         7033    i.pow               m_ps.l(pow.o)
    0x0800f330   0x00000020   Code   RO         6368    i.process_poll      process.o
    0x0800f350   0x00000074   Code   RO         6369    i.process_post      process.o
    0x0800f3c4   0x000000e8   Code   RO         6509    i.process_thread_etimer_process  etimer.o
    0x0800f4ac   0x00000002   Code   RO         6711    i.processset        main.o
    0x0800f4ae   0x00000002   PAD
    0x0800f4b0   0x00000030   Code   RO         6178    i.rand1             utilities.o
    0x0800f4e0   0x0000001a   Code   RO         6179    i.randr             utilities.o
    0x0800f4fa   0x00000002   PAD
    0x0800f4fc   0x0000009c   Code   RO         7042    i.round             m_ps.l(round.o)
    0x0800f598   0x00000070   Code   RO         6238    i.shift_sub_rows    aes.o
    0x0800f608   0x00000048   Code   RO         7408    i.sqrt              m_ps.l(sqrt.o)
    0x0800f650   0x0000000c   Code   RO         6180    i.srand1            utilities.o
    0x0800f65c   0x0000001c   Code   RO         6458    i.timer_expired     timer.o
    0x0800f678   0x00000050   Code   RO         6510    i.update_time       etimer.o
    0x0800f6c8   0x00000022   Code   RO         6239    i.xor_block         aes.o
    0x0800f6ea   0x00000021   Data   RO           14    .constdata          system_stm32l0xx.o
    0x0800f70b   0x00000001   PAD
    0x0800f70c   0x00000054   Data   RO         4666    .constdata          sx1276-board.o
    0x0800f760   0x00000140   Data   RO         5452    .constdata          sx1276.o
    0x0800f8a0   0x000000b2   Data   RO         5692    .constdata          loramac.o
    0x0800f952   0x00000300   Data   RO         6240    .constdata          aes.o
    0x0800fc52   0x00000012   Data   RO         6776    .constdata          stm32l0xx_it.o
    0x0800fc64   0x000000e8   Data   RO         6975    .constdata          lora-cad.o
    0x0800fd4c   0x00000004   PAD
    0x0800fd50   0x00000088   Data   RO         7034    .constdata          m_ps.l(pow.o)
    0x0800fdd8   0x00000008   Data   RO         7406    .constdata          m_ps.l(qnan.o)
    0x0800fde0   0x00000040   Data   RO         7475    .constdata          mc_p.l(ctype_c.o)
    0x0800fe20   0x0000004f   Data   RO         5019    .conststring        power.o
    0x0800fe6f   0x00000001   PAD
    0x0800fe70   0x0000008f   Data   RO         5693    .conststring        loramac.o
    0x0800feff   0x00000001   PAD
    0x0800ff00   0x0000000c   Data   RO         6511    .conststring        etimer.o
    0x0800ff0c   0x00000020   Data   RO         7477    Region$$Table       anon$$obj.o


    Execution Region RW_IRAM1 (Base: 0x20000000, Size: 0x00001b90, Max: 0x00005000, ABSOLUTE, COMPRESSED[0x00000068])

    Base Addr    Size         Type   Attr      Idx    E Section Name        Object

    0x20000000   0x00000004   Data   RW           15    .data               system_stm32l0xx.o
    0x20000004   0x00000004   Data   RW          249    .data               stm32l0xx_hal.o
    0x20000008   0x00000004   Data   RW         4516    .data               delay.o
    0x2000000c   0x00000004   PAD
    0x20000010   0x0000001c   Data   RW         4572    .data               timer-board.o
    0x2000002c   0x00000001   Data   RW         4667    .data               sx1276-board.o
    0x2000002d   0x00000003   PAD
    0x20000030   0x00000008   Data   RW         4831    .data               timerserver.o
    0x20000038   0x00000001   Data   RW         4948    .data               bq24195.o
    0x20000039   0x00000002   Data   RW         5288    .data               board.o
    0x2000003b   0x00000001   PAD
    0x2000003c   0x00000006   Data   RW         5453    .data               sx1276.o
    0x20000042   0x00000002   PAD
    0x20000044   0x0000019d   Data   RW         5694    .data               loramac.o
    0x200001e1   0x00000003   PAD
    0x200001e4   0x00000010   Data   RW         5939    .data               loramac-api-v3.o
    0x200001f4   0x00000020   Data   RW         6128    .data               loramaccrypto.o
    0x20000214   0x00000004   Data   RW         6181    .data               utilities.o
    0x20000218   0x0000001d   Data   RW         6374    .data               process.o
    0x20000235   0x00000003   PAD
    0x20000238   0x00000018   Data   RW         6512    .data               etimer.o
    0x20000250   0x00000018   Data   RW         6642    .data               clock.o
    0x20000268   0x00000006   Data   RW         6712    .data               main.o
    0x2000026e   0x00000002   PAD
    0x20000270   0x0000005f   Data   RW         6864    .data               user-app.o
    0x200002cf   0x00000001   PAD
    0x200002d0   0x00000010   Data   RW         6976    .data               lora-cad.o
    0x200002e0   0x00000004   Data   RW         7429    .data               mc_p.l(stdout.o)
    0x200002e4   0x00000004   Data   RW         7436    .data               mc_p.l(mvars.o)
    0x200002e8   0x00000004   Data   RW         7437    .data               mc_p.l(mvars.o)
    0x200002ec   0x00000004   Data   RW         7441    .data               mc_p.l(errno.o)
    0x200002f0   0x000005b0   Zero   RW         4209    .bss                usart.o
    0x200008a0   0x000000d8   Zero   RW         4399    .bss                spi.o
    0x20000978   0x00000024   Zero   RW         4457    .bss                rtc-board.o
    0x2000099c   0x00000038   Zero   RW         4571    .bss                timer-board.o
    0x200009d4   0x00000060   Zero   RW         4776    .bss                adc.o
    0x20000a34   0x0000004c   Zero   RW         4983    .bss                i2c.o
    0x20000a80   0x0000019c   Zero   RW         5451    .bss                sx1276.o
    0x20000c1c   0x000003ec   Zero   RW         5691    .bss                loramac.o
    0x20001008   0x00000024   Zero   RW         5937    .bss                loramac-api-v3.o
    0x2000102c   0x0000022c   Zero   RW         6127    .bss                loramaccrypto.o
    0x20001258   0x00000180   Zero   RW         6373    .bss                process.o
    0x200013d8   0x00000198   Zero   RW         6862    .bss                user-app.o
    0x20001570   0x00000020   Zero   RW         6974    .bss                lora-cad.o
    0x20001590   0x00000200   Zero   RW            2    HEAP                startup_stm32l073xx.o
    0x20001790   0x00000400   Zero   RW            1    STACK               startup_stm32l073xx.o


==============================================================================

Image component sizes


      Code (inc. data)   RO Data    RW Data    ZI Data      Debug   Object Name

       340         34          0          0         96       2878   adc.o
      1258         22        768          0          0      14052   aes.o
         0          0          0          0          0       4263   autostart.o
      1036        112          0          2          0       3379   board.o
       280         66          0          1          0       1760   bq24195.o
       172         30          0         24          0       2514   clock.o
       674          0          0          0          0       3837   cmac.o
       128         14          0          4          0       2285   delay.o
       348         24         12         24          0       3676   etimer.o
       228         60          0          0          0       1981   gpio-board.o
       364         32          0          0          0       2633   gpio.o
       220         40          0          0         76       2105   i2c.o
       960        118        232         16         32       3270   lora-cad.o
       588         74          0         16         36       5032   loramac-api-v3.o
     11710       2774        321        413       1004      29333   loramac.o
       696         46          0         32        556       6999   loramaccrypto.o
       296        136          0          6          0       3381   main.o
       340         40         79          0          0        671   power.o
       148         24          0         29        384       5105   process.o
       496        120          0          0         36       2534   rtc-board.o
       496        108          0          0        216       3880   spi.o
        28          8        192          0       1536        732   startup_stm32l073xx.o
       140         30          0          4          0       3862   stm32l0xx_hal.o
      2022         70          0          0          0       8753   stm32l0xx_hal_adc.o
       216          0          0          0          0       1422   stm32l0xx_hal_adc_ex.o
       288         36          0          0          0      12745   stm32l0xx_hal_cortex.o
       180          6          0          0          0       1063   stm32l0xx_hal_dma.o
       844         68          0          0          0       3533   stm32l0xx_hal_gpio.o
      1988         26          0          0          0      11631   stm32l0xx_hal_i2c.o
       224          0          0          0          0       1803   stm32l0xx_hal_i2c_ex.o
        64          6          0          0          0        514   stm32l0xx_hal_msp_template.o
       152         22          0          0          0       1786   stm32l0xx_hal_pwr.o
        40          8          0          0          0        993   stm32l0xx_hal_pwr_ex.o
      2716        116          0          0          0       6680   stm32l0xx_hal_rcc.o
      1592         54          0          0          0       2913   stm32l0xx_hal_rcc_ex.o
      2256         62          0          0          0       9296   stm32l0xx_hal_rtc.o
       176          0          0          0          0       1650   stm32l0xx_hal_rtc_ex.o
      2456          0          0          0          0       6143   stm32l0xx_hal_spi.o
      1118         12          0          0          0       9146   stm32l0xx_hal_tim.o
        98          0          0          0          0       1048   stm32l0xx_hal_tim_ex.o
      3026         68          0          0          0      12630   stm32l0xx_hal_uart.o
         2          0          0          0          0        872   stm32l0xx_hal_uart_ex.o
       426        106         18          0          0       4801   stm32l0xx_it.o
        26          0          0          0          0        947   stmflash.o
       122         22         84          1          0       5588   sx1276-board.o
      7092        592        320          6        412      25269   sx1276.o
       104         16         33          4          0     442623   system_stm32l0xx.o
       384         48          0         28         56       5430   timer-board.o
        28          0          0          0          0       1328   timer.o
       818         36          0          8          0       7319   timerserver.o
      1004        172          0          0       1456      20393   usart.o
      1468        396          0         95        408       7896   user-app.o
       604         70          0          0          0       6871   user_bq24195.o
       154         24          0          4          0       3899   utilities.o

    ----------------------------------------------------------------------
     52698       5948       2098        736       6304     737147   Object Totals
         0          0         32          0          0          0   (incl. Generated)
        64          0          7         19          0          0   (incl. Padding)

    ----------------------------------------------------------------------

      Code (inc. data)   RO Data    RW Data    ZI Data      Debug   Library Member Name

       200         20          0          0          0         76   ceil.o
        84         14          0          0          0        340   dunder.o
       200         20          0          0          0         76   floor.o
        44          4          0          0          0         60   fpclassify.o
       172          0          0          0          0         76   poly.o
      2556        196        136          0          0        240   pow.o
         0          0          8          0          0          0   qnan.o
       156         14          0          0          0         84   round.o
        72          6          0          0          0         76   sqrt.o
        60         10          0          0          0         84   __0sscanf.o
        86          0          0          0          0          0   __dczerorl2.o
        30          0          0          0          0         60   _chval.o
       824         12          0          0          0         84   _scanf.o
       330          0          0          0          0         84   _scanf_int.o
        68          0          0          0          0         76   _sgetc.o
        36          4         64          0          0         60   ctype_c.o
         0          0          0          0          0          0   entry.o
         0          0          0          0          0          0   entry10a.o
         0          0          0          0          0          0   entry11a.o
         8          4          0          0          0          0   entry2.o
         4          0          0          0          0          0   entry5.o
         0          0          0          0          0          0   entry7b.o
         0          0          0          0          0          0   entry8b.o
         8          4          0          0          0          0   entry9a.o
        12          6          0          4          0         60   errno.o
        30          0          0          0          0          0   handlers.o
        40          0          0          0          0         72   idiv.o
        36          8          0          0          0         68   init.o
        14          0          0          0          0         68   isspace_c.o
         0          0          0          0          0          0   iusefp.o
       122          0          0          0          0         84   llmul.o
        32          0          0          0          0         68   llshl.o
        38          0          0          0          0         68   llsshr.o
        34          0          0          0          0         68   llushr.o
       108         16          0          0          0         76   malloc.o
        36          0          0          0          0         60   memcpya.o
        36          0          0          0          0        100   memseta.o
         0          0          0          8          0          0   mvars.o
      2224         98          0          0          0        412   printfa.o
        44          8          0          0          0         84   scanf_char.o
         0          0          0          4          0          0   stdout.o
        28          0          0          0          0         68   strcmp.o
        14          0          0          0          0         60   strlen.o
        44          0          0          0          0         72   uidiv.o
        96          0          0          0          0         84   uldiv.o
        40          2          0          0          0         68   cdcmple.o
        40          2          0          0          0         68   cdrcmple.o
        20          0          0          0          0         68   cfrcmple.o
       356          4          0          0          0        140   dadd.o
       240          6          0          0          0         84   ddiv.o
       236          0          0          0          0        216   depilogue.o
        72         10          0          0          0         72   dfixi.o
        60         10          0          0          0         68   dfixui.o
        64         10          0          0          0         68   dfixul.o
        40          6          0          0          0         68   dflti.o
        28          4          0          0          0         68   dfltui.o
       208          6          0          0          0         88   dmul.o
       124         10          0          0          0         76   drnd.o
        44          0          0          0          0         72   dscalb.o
       162          0          0          0          0         80   dsqrt.o
        40          0          0          0          0         60   f2d.o
       178          0          0          0          0        108   fadd.o
       124          0          0          0          0         72   fdiv.o
       130          0          0          0          0        144   fepilogue.o
        40          0          0          0          0         60   ffixui.o
        14          0          0          0          0         68   ffltui.o
       122          0          0          0          0         72   fmul.o

    ----------------------------------------------------------------------
     10320        514        208         16          0       4936   Library Totals
        12          0          0          0          0          0   (incl. Padding)

    ----------------------------------------------------------------------

      Code (inc. data)   RO Data    RW Data    ZI Data      Debug   Library Name

      3484        274        144          0          0       1028   m_ps.l
      4442        170         64         16          0       2020   mc_p.l
      2382         70          0          0          0       1888   mf_p.l

    ----------------------------------------------------------------------
     10320        514        208         16          0       4936   Library Totals

    ----------------------------------------------------------------------

==============================================================================


      Code (inc. data)   RO Data    RW Data    ZI Data      Debug   

     63018       6462       2306        752       6304     725563   Grand Totals
     63018       6462       2306        104       6304     725563   ELF Image Totals (compressed)
     63018       6462       2306        104          0          0   ROM Totals

==============================================================================

    Total RO  Size (Code + RO Data)                65324 (  63.79kB)
    Total RW  Size (RW Data + ZI Data)              7056 (   6.89kB)
    Total ROM Size (Code + RO Data + RW Data)      65428 (  63.89kB)

==============================================================================

